Component: ARM Compiler 6.16 Tool: armlink [5dfeaa00]

==============================================================================

Section Cross References

    startup_hc32f460.o(STACK) refers (Special) to heapauxi.o(.text) for __use_two_region_memory
    startup_hc32f460.o(HEAP) refers (Special) to heapauxi.o(.text) for __use_two_region_memory
    startup_hc32f460.o(RESET) refers (Special) to heapauxi.o(.text) for __use_two_region_memory
    startup_hc32f460.o(RESET) refers to startup_hc32f460.o(STACK) for __initial_sp
    startup_hc32f460.o(RESET) refers to startup_hc32f460.o(.text) for Reset_Handler
    startup_hc32f460.o(RESET) refers to hc32f460_interrupts.o(.text.NMI_Handler) for NMI_Handler
    startup_hc32f460.o(RESET) refers to context_rvds.o(.text) for HardFault_Handler
    startup_hc32f460.o(RESET) refers to hc32f460_interrupts.o(.text.MemManage_Handler) for MemManage_Handler
    startup_hc32f460.o(RESET) refers to hc32f460_interrupts.o(.text.BusFault_Handler) for BusFault_Handler
    startup_hc32f460.o(RESET) refers to hc32f460_interrupts.o(.text.UsageFault_Handler) for UsageFault_Handler
    startup_hc32f460.o(RESET) refers to hc32f460_interrupts.o(.text.SVC_Handler) for SVC_Handler
    startup_hc32f460.o(RESET) refers to hc32f460_interrupts.o(.text.DebugMon_Handler) for DebugMon_Handler
    startup_hc32f460.o(RESET) refers to board.o(.text.SysTick_Handler) for SysTick_Handler
    startup_hc32f460.o(RESET) refers to hc32f460_interrupts.o(.text.IRQ000_Handler) for IRQ000_Handler
    startup_hc32f460.o(RESET) refers to hc32f460_interrupts.o(.text.IRQ001_Handler) for IRQ001_Handler
    startup_hc32f460.o(RESET) refers to hc32f460_interrupts.o(.text.IRQ002_Handler) for IRQ002_Handler
    startup_hc32f460.o(RESET) refers to hc32f460_interrupts.o(.text.IRQ003_Handler) for IRQ003_Handler
    startup_hc32f460.o(RESET) refers to hc32f460_interrupts.o(.text.IRQ004_Handler) for IRQ004_Handler
    startup_hc32f460.o(RESET) refers to hc32f460_interrupts.o(.text.IRQ005_Handler) for IRQ005_Handler
    startup_hc32f460.o(RESET) refers to hc32f460_interrupts.o(.text.IRQ006_Handler) for IRQ006_Handler
    startup_hc32f460.o(RESET) refers to hc32f460_interrupts.o(.text.IRQ007_Handler) for IRQ007_Handler
    startup_hc32f460.o(RESET) refers to hc32f460_interrupts.o(.text.IRQ008_Handler) for IRQ008_Handler
    startup_hc32f460.o(RESET) refers to hc32f460_interrupts.o(.text.IRQ009_Handler) for IRQ009_Handler
    startup_hc32f460.o(RESET) refers to hc32f460_interrupts.o(.text.IRQ010_Handler) for IRQ010_Handler
    startup_hc32f460.o(RESET) refers to hc32f460_interrupts.o(.text.IRQ011_Handler) for IRQ011_Handler
    startup_hc32f460.o(RESET) refers to hc32f460_interrupts.o(.text.IRQ012_Handler) for IRQ012_Handler
    startup_hc32f460.o(RESET) refers to hc32f460_interrupts.o(.text.IRQ013_Handler) for IRQ013_Handler
    startup_hc32f460.o(RESET) refers to hc32f460_interrupts.o(.text.IRQ014_Handler) for IRQ014_Handler
    startup_hc32f460.o(RESET) refers to hc32f460_interrupts.o(.text.IRQ015_Handler) for IRQ015_Handler
    startup_hc32f460.o(RESET) refers to hc32f460_interrupts.o(.text.IRQ016_Handler) for IRQ016_Handler
    startup_hc32f460.o(RESET) refers to hc32f460_interrupts.o(.text.IRQ017_Handler) for IRQ017_Handler
    startup_hc32f460.o(RESET) refers to hc32f460_interrupts.o(.text.IRQ018_Handler) for IRQ018_Handler
    startup_hc32f460.o(RESET) refers to hc32f460_interrupts.o(.text.IRQ019_Handler) for IRQ019_Handler
    startup_hc32f460.o(RESET) refers to hc32f460_interrupts.o(.text.IRQ020_Handler) for IRQ020_Handler
    startup_hc32f460.o(RESET) refers to hc32f460_interrupts.o(.text.IRQ021_Handler) for IRQ021_Handler
    startup_hc32f460.o(RESET) refers to hc32f460_interrupts.o(.text.IRQ022_Handler) for IRQ022_Handler
    startup_hc32f460.o(RESET) refers to hc32f460_interrupts.o(.text.IRQ023_Handler) for IRQ023_Handler
    startup_hc32f460.o(RESET) refers to hc32f460_interrupts.o(.text.IRQ024_Handler) for IRQ024_Handler
    startup_hc32f460.o(RESET) refers to hc32f460_interrupts.o(.text.IRQ025_Handler) for IRQ025_Handler
    startup_hc32f460.o(RESET) refers to hc32f460_interrupts.o(.text.IRQ026_Handler) for IRQ026_Handler
    startup_hc32f460.o(RESET) refers to hc32f460_interrupts.o(.text.IRQ027_Handler) for IRQ027_Handler
    startup_hc32f460.o(RESET) refers to hc32f460_interrupts.o(.text.IRQ028_Handler) for IRQ028_Handler
    startup_hc32f460.o(RESET) refers to hc32f460_interrupts.o(.text.IRQ029_Handler) for IRQ029_Handler
    startup_hc32f460.o(RESET) refers to hc32f460_interrupts.o(.text.IRQ030_Handler) for IRQ030_Handler
    startup_hc32f460.o(RESET) refers to hc32f460_interrupts.o(.text.IRQ031_Handler) for IRQ031_Handler
    startup_hc32f460.o(RESET) refers to hc32f460_interrupts.o(.text.IRQ032_Handler) for IRQ032_Handler
    startup_hc32f460.o(RESET) refers to hc32f460_interrupts.o(.text.IRQ033_Handler) for IRQ033_Handler
[...]
    __rt_init_rti_start                      0x0000867c   Data           4  components.o(.rti_fn.0)
    __rt_init_rti_board_start                0x00008680   Data           4  components.o(.rti_fn.0.end)
    __rt_init_rti_board_end                  0x00008684   Data           4  components.o(.rti_fn.1.end)
    __rt_init_rti_end                        0x00008688   Data           4  components.o(.rti_fn.6.end)
    Region$$Table$$Base                      0x0000868c   Number         0  anon$$obj.o(Region$$Table)
    Region$$Table$$Limit                     0x000086ac   Number         0  anon$$obj.o(Region$$Table)
    SHT$$INIT_ARRAY$$Base                    0x000086ac   Number         0  key.o(.init_array)
    SHT$$INIT_ARRAY$$Limit                   0x000086bc   Number         0  init_aeabi.o(.init_array)
    ADC1_device                              0x1fff8000   Data          16  adc_config.o(.data.ADC1_device)
    HRC_VALUE                                0x1fff8010   Data           4  system_hc32f460.o(.data.HRC_VALUE)
    SystemCoreClock                          0x1fff8014   Data           4  system_hc32f460.o(.data.SystemCoreClock)
    TIMERA1_config                           0x1fff8018   Data          28  timera_config.o(.data.TIMERA1_config)
    TIMERA2_config                           0x1fff8034   Data          28  timera_config.o(.data.TIMERA2_config)
    TIMERA3_config                           0x1fff8050   Data          28  timera_config.o(.data.TIMERA3_config)
    TIMERA4_config                           0x1fff806c   Data          28  timera_config.o(.data.TIMERA4_config)
    TIMERA5_config                           0x1fff8088   Data          28  timera_config.o(.data.TIMERA5_config)
    TIMERA6_config                           0x1fff80a4   Data          28  timera_config.o(.data.TIMERA6_config)
    USART1_config                            0x1fff80c0   Data          56  usart_config.o(.data.USART1_config)
    USART2_config                            0x1fff80f8   Data          56  usart_config.o(.data.USART2_config)
    USART3_config                            0x1fff8130   Data          56  usart_config.o(.data.USART3_config)
    USART4_config                            0x1fff8168   Data          56  usart_config.o(.data.USART4_config)
    USARTx                                   0x1fff81a0   Data          16  usart_config.o(.data.USARTx)
    __libspace_start                         0x1fff81f0   Data          96  libspace.o(.bss)
    IrqHandler                               0x1fff8250   Data         512  hc32f460_interrupts.o(.bss.IrqHandler)
    __temporary_stack_top$libspace           0x1fff8250   Data           0  libspace.o(.bss)
    SYSTEM_CLOCK_FREQUENCIES                 0x1fff8450   Data          32  sysclock.o(.bss.SYSTEM_CLOCK_FREQUENCIES)
    Serial1                                  0x1fff8470   Data          36  usart_1.o(.bss.Serial1)
    Serial2                                  0x1fff8494   Data          36  usart_1.o(.bss.Serial2)
    Serial3                                  0x1fff84b8   Data          36  usart_1.o(.bss.Serial3)
    bq40z50                                  0x1fff8de8   Data          16  begin.o(.bss.bq40z50)
    functionKey                              0x1fff8df8   Data          36  key.o(.bss.functionKey)
    i2c                                      0x1fff8e44   Data          12  begin.o(.bss.i2c)
    irqn_bitfield                            0x1fff8ec8   Data          16  irqn.o(.bss.irqn_bitfield)
    mp2762                                   0x1fff8ee4   Data          20  begin.o(.bss.mp2762)
    rt_assert_hook                           0x1fff8ef8   Data           4  kservice.o(.bss.rt_assert_hook)
    rt_current_priority                      0x1fff8efc   Data           1  scheduler.o(.bss.rt_current_priority)
    rt_current_thread                        0x1fff8f00   Data           4  scheduler.o(.bss.rt_current_thread)
    rt_interrupt_from_thread                 0x1fffcf08   Data           4  cpuport.o(.bss.rt_interrupt_from_thread)
    rt_interrupt_nest                        0x1fffcf0c   Data           1  irq.o(.bss.rt_interrupt_nest)
    rt_interrupt_to_thread                   0x1fffcf10   Data           4  cpuport.o(.bss.rt_interrupt_to_thread)
    rt_thread_defunct                        0x1fffcf98   Data           8  scheduler.o(.bss.rt_thread_defunct)
    rt_thread_priority_table                 0x1fffcfa0   Data          64  scheduler.o(.bss.rt_thread_priority_table)
    rt_thread_ready_priority_group           0x1fffcfe0   Data           4  scheduler.o(.bss.rt_thread_ready_priority_group)
    rt_thread_switch_interrupt_flag          0x1fffd0e4   Data           4  cpuport.o(.bss.rt_thread_switch_interrupt_flag)
    ticks_ms                                 0x1fffd0f8   Data           4  systick.o(.bss.ticks_ms)
    u8RxBuf                                  0x1fffd0fc   Data         256  main.o(.bss.u8RxBuf)



==============================================================================

Memory Map of the image

  Image Entry point : 0x00000281

  Load Region LR_IROM1 (Base: 0x00000000, Size: 0x000088b0, Max: 0x00080000, ABSOLUTE, COMPRESSED[0x000087d8])

    Execution Region ER_IROM1 (Exec base: 0x00000000, Load base: 0x00000000, Size: 0x000086bc, Max: 0x00080000, ABSOLUTE)

    Exec Addr    Load Addr    Size         Type   Attr      Idx    E Section Name        Object

    0x00000000   0x00000000   0x00000280   Data   RO            3    RESET               startup_hc32f460.o
    0x00000280   0x00000280   0x00000008   Code   RO         3193  * !!!main             c_w.l(__main.o)
    0x00000288   0x00000288   0x00000034   Code   RO         3721    !!!scatter          c_w.l(__scatter.o)
    0x000002bc   0x000002bc   0x0000003a   Code   RO         3719    !!dczerorl          c_w.l(__dczerorl.o)
    0x000002f6   0x000002f6   0x00000002   PAD
    0x000002f8   0x000002f8   0x0000001c   Code   RO         3723    !!handler_zi        c_w.l(__scatter_zi.o)
    0x00000314   0x00000314   0x00000002   Code   RO         3582    .ARM.Collect$$libinit$$00000000  c_w.l(libinit.o)
    0x00000316   0x00000316   0x00000004   Code   RO         3368    .ARM.Collect$$libinit$$00000001  c_w.l(libinit2.o)
    0x0000031a   0x0000031a   0x00000000   Code   RO         3371    .ARM.Collect$$libinit$$00000004  c_w.l(libinit2.o)
    0x0000031a   0x0000031a   0x00000008   Code   RO         3372    .ARM.Collect$$libinit$$00000005  c_w.l(libinit2.o)
    0x00000322   0x00000322   0x00000000   Code   RO         3374    .ARM.Collect$$libinit$$0000000A  c_w.l(libinit2.o)
    0x00000322   0x00000322   0x00000000   Code   RO         3376    .ARM.Collect$$libinit$$0000000C  c_w.l(libinit2.o)
    0x00000322   0x00000322   0x00000000   Code   RO         3378    .ARM.Collect$$libinit$$0000000E  c_w.l(libinit2.o)
    0x00000322   0x00000322   0x00000000   Code   RO         3381    .ARM.Collect$$libinit$$00000011  c_w.l(libinit2.o)
    0x00000322   0x00000322   0x00000000   Code   RO         3383    .ARM.Collect$$libinit$$00000013  c_w.l(libinit2.o)
    0x00000322   0x00000322   0x00000000   Code   RO         3385    .ARM.Collect$$libinit$$00000015  c_w.l(libinit2.o)
    0x00000322   0x00000322   0x00000000   Code   RO         3387    .ARM.Collect$$libinit$$00000017  c_w.l(libinit2.o)
    0x00000322   0x00000322   0x00000000   Code   RO         3389    .ARM.Collect$$libinit$$00000019  c_w.l(libinit2.o)
    0x00000322   0x00000322   0x00000000   Code   RO         3391    .ARM.Collect$$libinit$$0000001B  c_w.l(libinit2.o)
    0x00000322   0x00000322   0x00000000   Code   RO         3393    .ARM.Collect$$libinit$$0000001D  c_w.l(libinit2.o)
    0x00000322   0x00000322   0x00000000   Code   RO         3395    .ARM.Collect$$libinit$$0000001F  c_w.l(libinit2.o)
    0x00000322   0x00000322   0x00000000   Code   RO         3397    .ARM.Collect$$libinit$$00000021  c_w.l(libinit2.o)
    0x00000322   0x00000322   0x00000000   Code   RO         3399    .ARM.Collect$$libinit$$00000023  c_w.l(libinit2.o)
    0x00000322   0x00000322   0x00000000   Code   RO         3401    .ARM.Collect$$libinit$$00000025  c_w.l(libinit2.o)
    0x00000322   0x00000322   0x00000000   Code   RO         3405    .ARM.Collect$$libinit$$0000002C  c_w.l(libinit2.o)
    0x00000322   0x00000322   0x00000000   Code   RO         3407    .ARM.Collect$$libinit$$0000002E  c_w.l(libinit2.o)
    0x00000322   0x00000322   0x00000000   Code   RO         3409    .ARM.Collect$$libinit$$00000030  c_w.l(libinit2.o)
    0x00000322   0x00000322   0x00000004   Code   RO         3410    .ARM.Collect$$libinit$$00000031  c_w.l(libinit2.o)
    0x00000326   0x00000326   0x00000000   Code   RO         3411    .ARM.Collect$$libinit$$00000032  c_w.l(libinit2.o)
    0x00000326   0x00000326   0x00000002   Code   RO         3412    .ARM.Collect$$libinit$$00000033  c_w.l(libinit2.o)
    0x00000328   0x00000328   0x00000002   Code   RO         3687    .ARM.Collect$$libshutdown$$00000000  c_w.l(libshutdown.o)
    0x0000032a   0x0000032a   0x00000006   Code   RO         3583    .ARM.Collect$$libshutdown$$00000001  c_w.l(libshutdown2.o)
    0x00000330   0x00000330   0x00000000   Code   RO         3584    .ARM.Collect$$libshutdown$$00000002  c_w.l(libshutdown2.o)
    0x00000330   0x00000330   0x00000000   Code   RO         3586    .ARM.Collect$$libshutdown$$00000004  c_w.l(libshutdown2.o)
    0x00000330   0x00000330   0x00000000   Code   RO         3589    .ARM.Collect$$libshutdown$$00000007  c_w.l(libshutdown2.o)
    0x00000330   0x00000330   0x00000000   Code   RO         3592    .ARM.Collect$$libshutdown$$0000000A  c_w.l(libshutdown2.o)
    0x00000330   0x00000330   0x00000000   Code   RO         3594    .ARM.Collect$$libshutdown$$0000000C  c_w.l(libshutdown2.o)
    0x00000330   0x00000330   0x00000000   Code   RO         3597    .ARM.Collect$$libshutdown$$0000000F  c_w.l(libshutdown2.o)
    0x00000330   0x00000330   0x00000002   Code   RO         3598    .ARM.Collect$$libshutdown$$00000010  c_w.l(libshutdown2.o)
    0x00000332   0x00000332   0x00000000   Code   RO         3241    .ARM.Collect$$rtentry$$00000000  c_w.l(__rtentry.o)
    0x00000332   0x00000332   0x00000000   Code   RO         3448    .ARM.Collect$$rtentry$$00000002  c_w.l(__rtentry2.o)
    0x00000332   0x00000332   0x00000006   Code   RO         3460    .ARM.Collect$$rtentry$$00000004  c_w.l(__rtentry4.o)
    0x00000338   0x00000338   0x00000000   Code   RO         3450    .ARM.Collect$$rtentry$$00000009  c_w.l(__rtentry2.o)
    0x00000338   0x00000338   0x00000004   Code   RO         3451    .ARM.Collect$$rtentry$$0000000A  c_w.l(__rtentry2.o)
    0x0000033c   0x0000033c   0x00000000   Code   RO         3453    .ARM.Collect$$rtentry$$0000000C  c_w.l(__rtentry2.o)
    0x0000033c   0x0000033c   0x00000008   Code   RO         3454    .ARM.Collect$$rtentry$$0000000D  c_w.l(__rtentry2.o)
    0x00000344   0x00000344   0x00000002   Code   RO         3607    .ARM.Collect$$rtexit$$00000000  c_w.l(rtexit.o)
    0x00000346   0x00000346   0x00000000   Code   RO         3649    .ARM.Collect$$rtexit$$00000002  c_w.l(rtexit2.o)
    0x00000346   0x00000346   0x00000004   Code   RO         3650    .ARM.Collect$$rtexit$$00000003  c_w.l(rtexit2.o)
    0x0000034a   0x0000034a   0x00000006   Code   RO         3651    .ARM.Collect$$rtexit$$00000004  c_w.l(rtexit2.o)
    0x00000350   0x00000350   0x00000074   Code   RO            4    .text               startup_hc32f460.o
    0x000003c4   0x000003c4   0x00000134   Code   RO         2426    .text               context_rvds.o
    0x000004f8   0x000004f8   0x0000005e   Code   RO         3046    .text               c_w.l(h1_alloc.o)
    0x00000556   0x00000556   0x0000004e   Code   RO         3048    .text               c_w.l(h1_free.o)
    0x000005a4   0x000005a4   0x000000f0   Code   RO         3108    .text               c_w.l(lludivv7m.o)
    0x00000694   0x00000694   0x0000000a   Code   RO         3158    .text               c_w.l(cxa_atexit.o)
    0x0000069e   0x0000069e   0x0000003e   Code   RO         3169    .text               c_w.l(strlen.o)
    0x000006dc   0x000006dc   0x00000010   Code   RO         3179    .text               c_w.l(aeabi_memset.o)
    0x000006ec   0x000006ec   0x00000044   Code   RO         3183    .text               c_w.l(rt_memclr.o)
    0x00000730   0x00000730   0x0000004e   Code   RO         3185    .text               c_w.l(rt_memclr_w.o)
    0x0000077e   0x0000077e   0x00000006   Code   RO         3191    .text               c_w.l(heapauxi.o)
    0x00000784   0x00000784   0x00000024   Code   RO         3198    .text               c_w.l(init_aeabi.o)
    0x000007a8   0x000007a8   0x00000008   Code   RO         3249    .text               c_w.l(rt_heap_descriptor_intlibspace.o)
    0x000007b0   0x000007b0   0x00000004   Code   RO         3261    .text               c_w.l(hguard.o)
    0x000007b4   0x000007b4   0x0000008a   Code   RO         3263    .text               c_w.l(init_alloc.o)
    0x0000083e   0x0000083e   0x0000000e   Code   RO         3267    .text               c_w.l(h1_init.o)
    0x0000084c   0x0000084c   0x0000002e   Code   RO         3359    .text               c_w.l(aeabi_atexit.o)
    0x0000087a   0x0000087a   0x00000002   PAD
    0x0000087c   0x0000087c   0x00000008   Code   RO         3444    .text               c_w.l(libspace.o)
    0x00000884   0x00000884   0x00000008   Code   RO         3467    .text               c_w.l(rt_ddtor_pointer_addr_intlibspace.o)
    0x0000088c   0x0000088c   0x00000000   Code   RO         3471    .text               c_w.l(maybetermalloc1.o)
    0x0000088c   0x0000088c   0x00000034   Code   RO         3473    .text               c_w.l(h1_extend.o)
    0x000008c0   0x000008c0   0x00000042   Code   RO         3501    .text               c_w.l(cxa_finalize.o)
    0x00000902   0x00000902   0x0000000e   Code   RO         3504    .text               c_w.l(defsig_rtmem_outer.o)
    0x00000910   0x00000910   0x00000002   Code   RO         3519    .text               c_w.l(use_no_semi.o)
    0x00000912   0x00000912   0x00000000   Code   RO         3521    .text               c_w.l(indicate_semi.o)
    0x00000912   0x00000912   0x0000004a   Code   RO         3522    .text               c_w.l(sys_stackheap_outer.o)
    0x0000095c   0x0000095c   0x00000012   Code   RO         3563    .text               c_w.l(exit.o)
    0x0000096e   0x0000096e   0x0000000a   Code   RO         3565    .text               c_w.l(defsig_exit.o)
    0x00000978   0x00000978   0x00000050   Code   RO         3571    .text               c_w.l(defsig_rtmem_inner.o)
    0x000009c8   0x000009c8   0x0000000c   Code   RO         3603    .text               c_w.l(sys_exit.o)
    0x000009d4   0x000009d4   0x00000032   Code   RO         3622    .text               c_w.l(defsig_general.o)
    0x00000a06   0x00000a06   0x0000000e   Code   RO         3644    .text               c_w.l(sys_wrch.o)
    0x00000a14   0x00000a14   0x0000000a   Code   RO         2485    .text.$Sub$$main    components.o
    0x00000a1e   0x00000a1e   0x00000002   PAD
    0x00000a20   0x00000a20   0x000000ba   Code   RO         2033    .text.ADC_AddAdcChannel  hc32f460_adc.o
    0x00000ada   0x00000ada   0x00000002   PAD
    0x00000adc   0x00000adc   0x00000066   Code   RO         2035    .text.ADC_DelAdcChannel  hc32f460_adc.o
    0x00000b42   0x00000b42   0x00000002   PAD
    0x00000b44   0x00000b44   0x000000f2   Code   RO         2021    .text.ADC_Init      hc32f460_adc.o
    0x00000c36   0x00000c36   0x00000002   PAD
    0x00000c38   0x00000c38   0x0000006e   Code   RO         2029    .text.ADC_TriggerSrcCmd  hc32f460_adc.o
    0x00000ca6   0x00000ca6   0x00000002   PAD
    0x00000ca8   0x00000ca8   0x00000008   Code   RO         1460    .text.BusFault_Handler  hc32f460_interrupts.o
    0x00000cb0   0x00000cb0   0x000000e0   Code   RO         1950    .text.CLK_GetClockFreq  hc32f460_clk.o
    0x00000d90   0x00000d90   0x00000056   Code   RO         1916    .text.CLK_GetFlagStatus  hc32f460_clk.o
    0x00000de6   0x00000de6   0x00000002   PAD
    0x00000de8   0x00000de8   0x0000009a   Code   RO         1938    .text.CLK_MpllCmd   hc32f460_clk.o
    0x00000e82   0x00000e82   0x00000002   PAD
    0x00000e84   0x00000e84   0x0000017c   Code   RO         1936    .text.CLK_MpllConfig  hc32f460_clk.o
    0x00001000   0x00001000   0x00000050   Code   RO         1934    .text.CLK_SetPllSource  hc32f460_clk.o
    0x00001050   0x00001050   0x000000ee   Code   RO         1944    .text.CLK_SetSysClkSource  hc32f460_clk.o
    0x0000113e   0x0000113e   0x00000002   PAD
    0x00001140   0x00001140   0x00000136   Code   RO         1948    .text.CLK_SysClkConfig  hc32f460_clk.o
    0x00001276   0x00001276   0x00000002   PAD
    0x00001278   0x00001278   0x000000c6   Code   RO         1914    .text.CLK_XtalCmd   hc32f460_clk.o
    0x0000133e   0x0000133e   0x00000002   PAD
    0x00001340   0x00001340   0x00000060   Code   RO         1908    .text.CLK_XtalConfig  hc32f460_clk.o
    0x000013a0   0x000013a0   0x00000002   Code   RO         1098    .text.Ddl_AssertHandler  ddl_assert.o
    0x000013a2   0x000013a2   0x00000002   PAD
    0x000013a4   0x000013a4   0x00000008   Code   RO         1466    .text.DebugMon_Handler  hc32f460_interrupts.o
    0x000013ac   0x000013ac   0x0000007a   Code   RO          109    .text.DebugUsartInit  usart.o
    0x00001426   0x00001426   0x00000002   PAD
    0x00001428   0x00001428   0x00000018   Code   RO         1375    .text.EFM_Lock      hc32f460_efm.o
    0x00001440   0x00001440   0x00000028   Code   RO         1379    .text.EFM_SetLatency  hc32f460_efm.o
    0x00001468   0x00001468   0x00000016   Code   RO         1373    .text.EFM_Unlock    hc32f460_efm.o
    0x0000147e   0x0000147e   0x00000002   PAD
    0x00001480   0x00001480   0x00000026   Code   RO          745    .text.GPIO_Init     winterrupts.o
    0x000014a6   0x000014a6   0x00000002   PAD
    0x000014a8   0x000014a8   0x0000002a   Code   RO          467    .text.GPIO_SetFunc  usart_1.o
    0x000014d2   0x000014d2   0x00000002   PAD
    0x000014d4   0x000014d4   0x000001b8   Code   RO         2240    .text.I2C_BaudrateConfig  hc32f460_i2c.o
    0x0000168c   0x0000168c   0x0000004c   Code   RO         2270    .text.I2C_ClearStatus  hc32f460_i2c.o
    0x000016d8   0x000016d8   0x00000058   Code   RO         2250    .text.I2C_Cmd       hc32f460_i2c.o
    0x00001730   0x00001730   0x0000004c   Code   RO         2242    .text.I2C_DeInit    hc32f460_i2c.o
    0x0000177c   0x0000177c   0x000000d4   Code   RO         2268    .text.I2C_GetStatus  hc32f460_i2c.o
    0x00001850   0x00001850   0x000000ba   Code   RO         2244    .text.I2C_Init      hc32f460_i2c.o
    0x0000190a   0x0000190a   0x00000002   PAD
    0x0000190c   0x0000190c   0x00000062   Code   RO         2274    .text.I2C_IntCmd    hc32f460_i2c.o
    0x0000196e   0x0000196e   0x00000002   PAD
    0x00001970   0x00001970   0x0000003e   Code   RO         2278    .text.I2C_ReadData  hc32f460_i2c.o
    0x000019ae   0x000019ae   0x00000002   PAD
    0x000019b0   0x000019b0   0x000000d2   Code   RO         2246    .text.I2C_SlaveAdr0Config  hc32f460_i2c.o
    0x00001a82   0x00001a82   0x00000002   PAD
    0x00001a84   0x00001a84   0x00000040   Code   RO         2276    .text.I2C_WriteData  hc32f460_i2c.o
    0x00001ac4   0x00001ac4   0x00000014   Code   RO         1468    .text.IRQ000_Handler  hc32f460_interrupts.o
    0x00001ad8   0x00001ad8   0x00000014   Code   RO         1470    .text.IRQ001_Handler  hc32f460_interrupts.o
    0x00001aec   0x00001aec   0x00000014   Code   RO         1472    .text.IRQ002_Handler  hc32f460_interrupts.o
    0x00001b00   0x00001b00   0x00000014   Code   RO         1474    .text.IRQ003_Handler  hc32f460_interrupts.o
    0x00001b14   0x00001b14   0x00000014   Code   RO         1476    .text.IRQ004_Handler  hc32f460_interrupts.o
    0x00001b28   0x00001b28   0x00000014   Code   RO         1478    .text.IRQ005_Handler  hc32f460_interrupts.o
    0x00001b3c   0x00001b3c   0x00000014   Code   RO         1480    .text.IRQ006_Handler  hc32f460_interrupts.o
    0x00001b50   0x00001b50   0x00000014   Code   RO         1482    .text.IRQ007_Handler  hc32f460_interrupts.o
    0x00001b64   0x00001b64   0x00000014   Code   RO         1484    .text.IRQ008_Handler  hc32f460_interrupts.o
    0x00001b78   0x00001b78   0x00000014   Code   RO         1486    .text.IRQ009_Handler  hc32f460_interrupts.o
    0x00001b8c   0x00001b8c   0x00000014   Code   RO         1488    .text.IRQ010_Handler  hc32f460_interrupts.o
    0x00001ba0   0x00001ba0   0x00000014   Code   RO         1490    .text.IRQ011_Handler  hc32f460_interrupts.o
    0x00001bb4   0x00001bb4   0x00000014   Code   RO         1492    .text.IRQ012_Handler  hc32f460_interrupts.o
    0x00001bc8   0x00001bc8   0x00000014   Code   RO         1494    .text.IRQ013_Handler  hc32f460_interrupts.o
    0x00001bdc   0x00001bdc   0x00000014   Code   RO         1496    .text.IRQ014_Handler  hc32f460_interrupts.o
    0x00001bf0   0x00001bf0   0x00000014   Code   RO         1498    .text.IRQ015_Handler  hc32f460_interrupts.o
    0x00001c04   0x00001c04   0x00000014   Code   RO         1500    .text.IRQ016_Handler  hc32f460_interrupts.o
    0x00001c18   0x00001c18   0x00000014   Code   RO         1502    .text.IRQ017_Handler  hc32f460_interrupts.o
    0x00001c2c   0x00001c2c   0x00000014   Code   RO         1504    .text.IRQ018_Handler  hc32f460_interrupts.o
    0x00001c40   0x00001c40   0x00000014   Code   RO         1506    .text.IRQ019_Handler  hc32f460_interrupts.o
    0x00001c54   0x00001c54   0x00000014   Code   RO         1508    .text.IRQ020_Handler  hc32f460_interrupts.o
    0x00001c68   0x00001c68   0x00000014   Code   RO         1510    .text.IRQ021_Handler  hc32f460_interrupts.o
    0x00001c7c   0x00001c7c   0x00000014   Code   RO         1512    .text.IRQ022_Handler  hc32f460_interrupts.o
    0x00001c90   0x00001c90   0x00000014   Code   RO         1514    .text.IRQ023_Handler  hc32f460_interrupts.o
    0x00001ca4   0x00001ca4   0x00000014   Code   RO         1516    .text.IRQ024_Handler  hc32f460_interrupts.o
    0x00001cb8   0x00001cb8   0x00000014   Code   RO         1518    .text.IRQ025_Handler  hc32f460_interrupts.o
    0x00001ccc   0x00001ccc   0x00000014   Code   RO         1520    .text.IRQ026_Handler  hc32f460_interrupts.o
    0x00001ce0   0x00001ce0   0x00000014   Code   RO         1522    .text.IRQ027_Handler  hc32f460_interrupts.o
    0x00001cf4   0x00001cf4   0x00000014   Code   RO         1524    .text.IRQ028_Handler  hc32f460_interrupts.o
    0x00001d08   0x00001d08   0x00000014   Code   RO         1526    .text.IRQ029_Handler  hc32f460_interrupts.o
    0x00001d1c   0x00001d1c   0x00000014   Code   RO         1528    .text.IRQ030_Handler  hc32f460_interrupts.o
    0x00001d30   0x00001d30   0x00000014   Code   RO         1530    .text.IRQ031_Handler  hc32f460_interrupts.o
    0x00001d44   0x00001d44   0x00000016   Code   RO         1532    .text.IRQ032_Handler  hc32f460_interrupts.o
    0x00001d5a   0x00001d5a   0x00000002   PAD
    0x00001d5c   0x00001d5c   0x00000016   Code   RO         1534    .text.IRQ033_Handler  hc32f460_interrupts.o
    0x00001d72   0x00001d72   0x00000002   PAD
    0x00001d74   0x00001d74   0x00000016   Code   RO         1536    .text.IRQ034_Handler  hc32f460_interrupts.o
    0x00001d8a   0x00001d8a   0x00000002   PAD
    0x00001d8c   0x00001d8c   0x00000016   Code   RO         1538    .text.IRQ035_Handler  hc32f460_interrupts.o
    0x00001da2   0x00001da2   0x00000002   PAD
    0x00001da4   0x00001da4   0x00000016   Code   RO         1540    .text.IRQ036_Handler  hc32f460_interrupts.o
    0x00001dba   0x00001dba   0x00000002   PAD
    0x00001dbc   0x00001dbc   0x00000016   Code   RO         1542    .text.IRQ037_Handler  hc32f460_interrupts.o
    0x00001dd2   0x00001dd2   0x00000002   PAD
    0x00001dd4   0x00001dd4   0x00000016   Code   RO         1544    .text.IRQ038_Handler  hc32f460_interrupts.o
    0x00001dea   0x00001dea   0x00000002   PAD
    0x00001dec   0x00001dec   0x00000016   Code   RO         1546    .text.IRQ039_Handler  hc32f460_interrupts.o
    0x00001e02   0x00001e02   0x00000002   PAD
    0x00001e04   0x00001e04   0x00000016   Code   RO         1548    .text.IRQ040_Handler  hc32f460_interrupts.o
    0x00001e1a   0x00001e1a   0x00000002   PAD
    0x00001e1c   0x00001e1c   0x00000016   Code   RO         1550    .text.IRQ041_Handler  hc32f460_interrupts.o
    0x00001e32   0x00001e32   0x00000002   PAD
    0x00001e34   0x00001e34   0x00000016   Code   RO         1552    .text.IRQ042_Handler  hc32f460_interrupts.o
    0x00001e4a   0x00001e4a   0x00000002   PAD
    0x00001e4c   0x00001e4c   0x00000016   Code   RO         1554    .text.IRQ043_Handler  hc32f460_interrupts.o
    0x00001e62   0x00001e62   0x00000002   PAD
    0x00001e64   0x00001e64   0x00000016   Code   RO         1556    .text.IRQ044_Handler  hc32f460_interrupts.o
    0x00001e7a   0x00001e7a   0x00000002   PAD
    0x00001e7c   0x00001e7c   0x00000016   Code   RO         1558    .text.IRQ045_Handler  hc32f460_interrupts.o
    0x00001e92   0x00001e92   0x00000002   PAD
    0x00001e94   0x00001e94   0x00000016   Code   RO         1560    .text.IRQ046_Handler  hc32f460_interrupts.o
    0x00001eaa   0x00001eaa   0x00000002   PAD
    0x00001eac   0x00001eac   0x00000016   Code   RO         1562    .text.IRQ047_Handler  hc32f460_interrupts.o
    0x00001ec2   0x00001ec2   0x00000002   PAD
    0x00001ec4   0x00001ec4   0x00000016   Code   RO         1564    .text.IRQ048_Handler  hc32f460_interrupts.o
    0x00001eda   0x00001eda   0x00000002   PAD
    0x00001edc   0x00001edc   0x00000016   Code   RO         1566    .text.IRQ049_Handler  hc32f460_interrupts.o
    0x00001ef2   0x00001ef2   0x00000002   PAD
    0x00001ef4   0x00001ef4   0x00000016   Code   RO         1568    .text.IRQ050_Handler  hc32f460_interrupts.o
    0x00001f0a   0x00001f0a   0x00000002   PAD
    0x00001f0c   0x00001f0c   0x00000016   Code   RO         1570    .text.IRQ051_Handler  hc32f460_interrupts.o
    0x00001f22   0x00001f22   0x00000002   PAD
    0x00001f24   0x00001f24   0x00000016   Code   RO         1572    .text.IRQ052_Handler  hc32f460_interrupts.o
    0x00001f3a   0x00001f3a   0x00000002   PAD
    0x00001f3c   0x00001f3c   0x00000016   Code   RO         1574    .text.IRQ053_Handler  hc32f460_interrupts.o
    0x00001f52   0x00001f52   0x00000002   PAD
    0x00001f54   0x00001f54   0x00000016   Code   RO         1576    .text.IRQ054_Handler  hc32f460_interrupts.o
    0x00001f6a   0x00001f6a   0x00000002   PAD
    0x00001f6c   0x00001f6c   0x00000016   Code   RO         1578    .text.IRQ055_Handler  hc32f460_interrupts.o
    0x00001f82   0x00001f82   0x00000002   PAD
    0x00001f84   0x00001f84   0x00000016   Code   RO         1580    .text.IRQ056_Handler  hc32f460_interrupts.o
    0x00001f9a   0x00001f9a   0x00000002   PAD
    0x00001f9c   0x00001f9c   0x00000016   Code   RO         1582    .text.IRQ057_Handler  hc32f460_interrupts.o
    0x00001fb2   0x00001fb2   0x00000002   PAD
    0x00001fb4   0x00001fb4   0x00000016   Code   RO         1584    .text.IRQ058_Handler  hc32f460_interrupts.o
    0x00001fca   0x00001fca   0x00000002   PAD
    0x00001fcc   0x00001fcc   0x00000016   Code   RO         1586    .text.IRQ059_Handler  hc32f460_interrupts.o
    0x00001fe2   0x00001fe2   0x00000002   PAD
    0x00001fe4   0x00001fe4   0x00000016   Code   RO         1588    .text.IRQ060_Handler  hc32f460_interrupts.o
    0x00001ffa   0x00001ffa   0x00000002   PAD
    0x00001ffc   0x00001ffc   0x00000016   Code   RO         1590    .text.IRQ061_Handler  hc32f460_interrupts.o
    0x00002012   0x00002012   0x00000002   PAD
    0x00002014   0x00002014   0x00000016   Code   RO         1592    .text.IRQ062_Handler  hc32f460_interrupts.o
    0x0000202a   0x0000202a   0x00000002   PAD
    0x0000202c   0x0000202c   0x00000016   Code   RO         1594    .text.IRQ063_Handler  hc32f460_interrupts.o
    0x00002042   0x00002042   0x00000002   PAD
    0x00002044   0x00002044   0x00000016   Code   RO         1596    .text.IRQ064_Handler  hc32f460_interrupts.o
    0x0000205a   0x0000205a   0x00000002   PAD
    0x0000205c   0x0000205c   0x00000016   Code   RO         1598    .text.IRQ065_Handler  hc32f460_interrupts.o
    0x00002072   0x00002072   0x00000002   PAD
    0x00002074   0x00002074   0x00000016   Code   RO         1600    .text.IRQ066_Handler  hc32f460_interrupts.o
    0x0000208a   0x0000208a   0x00000002   PAD
    0x0000208c   0x0000208c   0x00000016   Code   RO         1602    .text.IRQ067_Handler  hc32f460_interrupts.o
    0x000020a2   0x000020a2   0x00000002   PAD
    0x000020a4   0x000020a4   0x00000016   Code   RO         1604    .text.IRQ068_Handler  hc32f460_interrupts.o
    0x000020ba   0x000020ba   0x00000002   PAD
    0x000020bc   0x000020bc   0x00000016   Code   RO         1606    .text.IRQ069_Handler  hc32f460_interrupts.o
    0x000020d2   0x000020d2   0x00000002   PAD
    0x000020d4   0x000020d4   0x00000016   Code   RO         1608    .text.IRQ070_Handler  hc32f460_interrupts.o
    0x000020ea   0x000020ea   0x00000002   PAD
    0x000020ec   0x000020ec   0x00000016   Code   RO         1610    .text.IRQ071_Handler  hc32f460_interrupts.o
    0x00002102   0x00002102   0x00000002   PAD
    0x00002104   0x00002104   0x00000016   Code   RO         1612    .text.IRQ072_Handler  hc32f460_interrupts.o
    0x0000211a   0x0000211a   0x00000002   PAD
    0x0000211c   0x0000211c   0x00000016   Code   RO         1614    .text.IRQ073_Handler  hc32f460_interrupts.o
    0x00002132   0x00002132   0x00000002   PAD
    0x00002134   0x00002134   0x00000016   Code   RO         1616    .text.IRQ074_Handler  hc32f460_interrupts.o
    0x0000214a   0x0000214a   0x00000002   PAD
    0x0000214c   0x0000214c   0x00000016   Code   RO         1618    .text.IRQ075_Handler  hc32f460_interrupts.o
    0x00002162   0x00002162   0x00000002   PAD
    0x00002164   0x00002164   0x00000016   Code   RO         1620    .text.IRQ076_Handler  hc32f460_interrupts.o
    0x0000217a   0x0000217a   0x00000002   PAD
    0x0000217c   0x0000217c   0x00000016   Code   RO         1622    .text.IRQ077_Handler  hc32f460_interrupts.o
    0x00002192   0x00002192   0x00000002   PAD
    0x00002194   0x00002194   0x00000016   Code   RO         1624    .text.IRQ078_Handler  hc32f460_interrupts.o
    0x000021aa   0x000021aa   0x00000002   PAD
    0x000021ac   0x000021ac   0x00000016   Code   RO         1626    .text.IRQ079_Handler  hc32f460_interrupts.o
    0x000021c2   0x000021c2   0x00000002   PAD
    0x000021c4   0x000021c4   0x00000016   Code   RO         1628    .text.IRQ080_Handler  hc32f460_interrupts.o
    0x000021da   0x000021da   0x00000002   PAD
    0x000021dc   0x000021dc   0x00000016   Code   RO         1630    .text.IRQ081_Handler  hc32f460_interrupts.o
    0x000021f2   0x000021f2   0x00000002   PAD
    0x000021f4   0x000021f4   0x00000016   Code   RO         1632    .text.IRQ082_Handler  hc32f460_interrupts.o
    0x0000220a   0x0000220a   0x00000002   PAD
    0x0000220c   0x0000220c   0x00000016   Code   RO         1634    .text.IRQ083_Handler  hc32f460_interrupts.o
    0x00002222   0x00002222   0x00000002   PAD
    0x00002224   0x00002224   0x00000016   Code   RO         1636    .text.IRQ084_Handler  hc32f460_interrupts.o
    0x0000223a   0x0000223a   0x00000002   PAD
    0x0000223c   0x0000223c   0x00000016   Code   RO         1638    .text.IRQ085_Handler  hc32f460_interrupts.o
    0x00002252   0x00002252   0x00000002   PAD
    0x00002254   0x00002254   0x00000016   Code   RO         1640    .text.IRQ086_Handler  hc32f460_interrupts.o
    0x0000226a   0x0000226a   0x00000002   PAD
    0x0000226c   0x0000226c   0x00000016   Code   RO         1642    .text.IRQ087_Handler  hc32f460_interrupts.o
    0x00002282   0x00002282   0x00000002   PAD
    0x00002284   0x00002284   0x00000016   Code   RO         1644    .text.IRQ088_Handler  hc32f460_interrupts.o
    0x0000229a   0x0000229a   0x00000002   PAD
    0x0000229c   0x0000229c   0x00000016   Code   RO         1646    .text.IRQ089_Handler  hc32f460_interrupts.o
    0x000022b2   0x000022b2   0x00000002   PAD
    0x000022b4   0x000022b4   0x00000016   Code   RO         1648    .text.IRQ090_Handler  hc32f460_interrupts.o
    0x000022ca   0x000022ca   0x00000002   PAD
    0x000022cc   0x000022cc   0x00000016   Code   RO         1650    .text.IRQ091_Handler  hc32f460_interrupts.o
    0x000022e2   0x000022e2   0x00000002   PAD
    0x000022e4   0x000022e4   0x00000016   Code   RO         1652    .text.IRQ092_Handler  hc32f460_interrupts.o
    0x000022fa   0x000022fa   0x00000002   PAD
    0x000022fc   0x000022fc   0x00000016   Code   RO         1654    .text.IRQ093_Handler  hc32f460_interrupts.o
    0x00002312   0x00002312   0x00000002   PAD
    0x00002314   0x00002314   0x00000016   Code   RO         1656    .text.IRQ094_Handler  hc32f460_interrupts.o
    0x0000232a   0x0000232a   0x00000002   PAD
    0x0000232c   0x0000232c   0x00000016   Code   RO         1658    .text.IRQ095_Handler  hc32f460_interrupts.o
    0x00002342   0x00002342   0x00000002   PAD
    0x00002344   0x00002344   0x00000016   Code   RO         1660    .text.IRQ096_Handler  hc32f460_interrupts.o
    0x0000235a   0x0000235a   0x00000002   PAD
    0x0000235c   0x0000235c   0x00000016   Code   RO         1662    .text.IRQ097_Handler  hc32f460_interrupts.o
    0x00002372   0x00002372   0x00000002   PAD
    0x00002374   0x00002374   0x00000016   Code   RO         1664    .text.IRQ098_Handler  hc32f460_interrupts.o
    0x0000238a   0x0000238a   0x00000002   PAD
    0x0000238c   0x0000238c   0x00000016   Code   RO         1666    .text.IRQ099_Handler  hc32f460_interrupts.o
    0x000023a2   0x000023a2   0x00000002   PAD
    0x000023a4   0x000023a4   0x00000016   Code   RO         1668    .text.IRQ100_Handler  hc32f460_interrupts.o
    0x000023ba   0x000023ba   0x00000002   PAD
    0x000023bc   0x000023bc   0x00000016   Code   RO         1670    .text.IRQ101_Handler  hc32f460_interrupts.o
    0x000023d2   0x000023d2   0x00000002   PAD
    0x000023d4   0x000023d4   0x00000016   Code   RO         1672    .text.IRQ102_Handler  hc32f460_interrupts.o
    0x000023ea   0x000023ea   0x00000002   PAD
    0x000023ec   0x000023ec   0x00000016   Code   RO         1674    .text.IRQ103_Handler  hc32f460_interrupts.o
    0x00002402   0x00002402   0x00000002   PAD
    0x00002404   0x00002404   0x00000016   Code   RO         1676    .text.IRQ104_Handler  hc32f460_interrupts.o
    0x0000241a   0x0000241a   0x00000002   PAD
    0x0000241c   0x0000241c   0x00000016   Code   RO         1678    .text.IRQ105_Handler  hc32f460_interrupts.o
    0x00002432   0x00002432   0x00000002   PAD
    0x00002434   0x00002434   0x00000016   Code   RO         1680    .text.IRQ106_Handler  hc32f460_interrupts.o
    0x0000244a   0x0000244a   0x00000002   PAD
    0x0000244c   0x0000244c   0x00000016   Code   RO         1682    .text.IRQ107_Handler  hc32f460_interrupts.o
    0x00002462   0x00002462   0x00000002   PAD
    0x00002464   0x00002464   0x00000016   Code   RO         1684    .text.IRQ108_Handler  hc32f460_interrupts.o
    0x0000247a   0x0000247a   0x00000002   PAD
    0x0000247c   0x0000247c   0x00000016   Code   RO         1686    .text.IRQ109_Handler  hc32f460_interrupts.o
    0x00002492   0x00002492   0x00000002   PAD
    0x00002494   0x00002494   0x00000016   Code   RO         1688    .text.IRQ110_Handler  hc32f460_interrupts.o
    0x000024aa   0x000024aa   0x00000002   PAD
    0x000024ac   0x000024ac   0x00000016   Code   RO         1690    .text.IRQ111_Handler  hc32f460_interrupts.o
    0x000024c2   0x000024c2   0x00000002   PAD
    0x000024c4   0x000024c4   0x00000016   Code   RO         1692    .text.IRQ112_Handler  hc32f460_interrupts.o
    0x000024da   0x000024da   0x00000002   PAD
    0x000024dc   0x000024dc   0x00000016   Code   RO         1694    .text.IRQ113_Handler  hc32f460_interrupts.o
    0x000024f2   0x000024f2   0x00000002   PAD
    0x000024f4   0x000024f4   0x00000016   Code   RO         1696    .text.IRQ114_Handler  hc32f460_interrupts.o
    0x0000250a   0x0000250a   0x00000002   PAD
    0x0000250c   0x0000250c   0x00000016   Code   RO         1698    .text.IRQ115_Handler  hc32f460_interrupts.o
    0x00002522   0x00002522   0x00000002   PAD
    0x00002524   0x00002524   0x00000016   Code   RO         1700    .text.IRQ116_Handler  hc32f460_interrupts.o
    0x0000253a   0x0000253a   0x00000002   PAD
    0x0000253c   0x0000253c   0x00000016   Code   RO         1702    .text.IRQ117_Handler  hc32f460_interrupts.o
    0x00002552   0x00002552   0x00000002   PAD
    0x00002554   0x00002554   0x00000016   Code   RO         1704    .text.IRQ118_Handler  hc32f460_interrupts.o
    0x0000256a   0x0000256a   0x00000002   PAD
    0x0000256c   0x0000256c   0x00000016   Code   RO         1706    .text.IRQ119_Handler  hc32f460_interrupts.o
    0x00002582   0x00002582   0x00000002   PAD
    0x00002584   0x00002584   0x00000016   Code   RO         1708    .text.IRQ120_Handler  hc32f460_interrupts.o
    0x0000259a   0x0000259a   0x00000002   PAD
    0x0000259c   0x0000259c   0x00000016   Code   RO         1710    .text.IRQ121_Handler  hc32f460_interrupts.o
    0x000025b2   0x000025b2   0x00000002   PAD
    0x000025b4   0x000025b4   0x00000016   Code   RO         1712    .text.IRQ122_Handler  hc32f460_interrupts.o
    0x000025ca   0x000025ca   0x00000002   PAD
    0x000025cc   0x000025cc   0x00000016   Code   RO         1714    .text.IRQ123_Handler  hc32f460_interrupts.o
    0x000025e2   0x000025e2   0x00000002   PAD
    0x000025e4   0x000025e4   0x00000016   Code   RO         1716    .text.IRQ124_Handler  hc32f460_interrupts.o
    0x000025fa   0x000025fa   0x00000002   PAD
    0x000025fc   0x000025fc   0x00000016   Code   RO         1718    .text.IRQ125_Handler  hc32f460_interrupts.o
    0x00002612   0x00002612   0x00000002   PAD
    0x00002614   0x00002614   0x00000016   Code   RO         1720    .text.IRQ126_Handler  hc32f460_interrupts.o
    0x0000262a   0x0000262a   0x00000002   PAD
    0x0000262c   0x0000262c   0x00000016   Code   RO         1722    .text.IRQ127_Handler  hc32f460_interrupts.o
    0x00002642   0x00002642   0x00000002   PAD
    0x00002644   0x00002644   0x00000008   Code   RO         1458    .text.MemManage_Handler  hc32f460_interrupts.o
    0x0000264c   0x0000264c   0x00000008   Code   RO         1456    .text.NMI_Handler   hc32f460_interrupts.o
    0x00002654   0x00002654   0x000001ca   Code   RO         1865    .text.PORT_Init     hc32f460_gpio.o
    0x0000281e   0x0000281e   0x00000002   PAD
    0x00002820   0x00002820   0x00000010   Code   RO         1869    .text.PORT_Lock     hc32f460_gpio.o
    0x00002830   0x00002830   0x000000b8   Code   RO         1895    .text.PORT_SetFunc  hc32f460_gpio.o
    0x000028e8   0x000028e8   0x00000030   Code   RO         1891    .text.PORT_Toggle   hc32f460_gpio.o
    0x00002918   0x00002918   0x00000010   Code   RO         1867    .text.PORT_Unlock   hc32f460_gpio.o
    0x00002928   0x00002928   0x0000005a   Code   RO         1284    .text.PWC_Fcg0PeriphClockCmd  hc32f460_pwc.o
    0x00002982   0x00002982   0x00000002   PAD
    0x00002984   0x00002984   0x00000052   Code   RO         1286    .text.PWC_Fcg1PeriphClockCmd  hc32f460_pwc.o
    0x000029d6   0x000029d6   0x00000002   PAD
    0x000029d8   0x000029d8   0x00000052   Code   RO         1288    .text.PWC_Fcg2PeriphClockCmd  hc32f460_pwc.o
    0x00002a2a   0x00002a2a   0x00000002   PAD
    0x00002a2c   0x00002a2c   0x00000050   Code   RO         1290    .text.PWC_Fcg3PeriphClockCmd  hc32f460_pwc.o
    0x00002a7c   0x00002a7c   0x00000052   Code   RO         2181    .text.RMU_ClrResetFlag  hc32f460_rmu.o
    0x00002ace   0x00002ace   0x00000002   PAD
    0x00002ad0   0x00002ad0   0x000000bc   Code   RO         2179    .text.RMU_GetResetCause  hc32f460_rmu.o
    0x00002b8c   0x00002b8c   0x00000008   Code   RO         1464    .text.SVC_Handler   hc32f460_interrupts.o
    0x00002b94   0x00002b94   0x00000118   Code   RO         1831    .text.SetClkSyncBaudrate  hc32f460_usart.o
    0x00002cac   0x00002cac   0x00000144   Code   RO         1829    .text.SetScBaudrate  hc32f460_usart.o
    0x00002df0   0x00002df0   0x0000013c   Code   RO         1833    .text.SetUartBaudrate  hc32f460_usart.o
    0x00002f2c   0x00002f2c   0x00000098   Code   RO           82    .text.SysClkConfig  board.o
    0x00002fc4   0x00002fc4   0x00000024   Code   RO           96    .text.SysTick_Config  board.o
    0x00002fe8   0x00002fe8   0x0000001e   Code   RO           88    .text.SysTick_Handler  board.o
    0x00003006   0x00003006   0x00000002   PAD
    0x00003008   0x00003008   0x0000009a   Code   RO           13    .text.SystemCoreClockUpdate  system_hc32f460.o
    0x000030a2   0x000030a2   0x00000002   PAD
    0x000030a4   0x000030a4   0x00000018   Code   RO           11    .text.SystemInit    system_hc32f460.o
    0x000030bc   0x000030bc   0x0000012c   Code   RO         2104    .text.TIMERA_BaseInit  hc32f460_timera.o
    0x000031e8   0x000031e8   0x0000003e   Code   RO         2116    .text.TIMERA_Cmd    hc32f460_timera.o
    0x00003226   0x00003226   0x00000002   PAD
    0x00003228   0x00003228   0x00000060   Code   RO         2130    .text.TIMERA_CompareCmd  hc32f460_timera.o
    0x00003288   0x00003288   0x0000020a   Code   RO         2118    .text.TIMERA_CompareInit  hc32f460_timera.o
    0x00003492   0x00003492   0x00000002   PAD
    0x00003494   0x00003494   0x00000088   Code   RO         1775    .text.USART_ClearStatus  hc32f460_usart.o
    0x0000351c   0x0000351c   0x0000005e   Code   RO         1771    .text.USART_DeInit  hc32f460_usart.o
    0x0000357a   0x0000357a   0x00000002   PAD
    0x0000357c   0x0000357c   0x000001b6   Code   RO         1777    .text.USART_FuncCmd  hc32f460_usart.o
    0x00003732   0x00003732   0x00000002   PAD
    0x00003734   0x00003734   0x000000a8   Code   RO         1773    .text.USART_GetStatus  hc32f460_usart.o
    0x000037dc   0x000037dc   0x0000005a   Code   RO         1825    .text.USART_RecData  hc32f460_usart.o
    0x00003836   0x00003836   0x00000002   PAD
    0x00003838   0x00003838   0x00000060   Code   RO         1823    .text.USART_SendData  hc32f460_usart.o
    0x00003898   0x00003898   0x00000068   Code   RO         1827    .text.USART_SetBaudrate  hc32f460_usart.o
    0x00003900   0x00003900   0x000001f8   Code   RO         1765    .text.USART_UART_Init  hc32f460_usart.o
    0x00003af8   0x00003af8   0x00000008   Code   RO         1462    .text.UsageFault_Handler  hc32f460_interrupts.o
    0x00003b00   0x00003b00   0x00000078   Code   RO         1835    .text.UsartGetClk   hc32f460_usart.o
    0x00003b78   0x00003b78   0x00000010   Code   RO          235    .text._GLOBAL__sub_I_Begin.cpp  begin.o
    0x00003b88   0x00003b88   0x00000008   Code   RO         1246    .text._GLOBAL__sub_I_IPAddress.cpp  ipaddress.o
    0x00003b90   0x00003b90   0x00000008   Code   RO          186    .text._GLOBAL__sub_I_Key.cpp  key.o
    0x00003b98   0x00003b98   0x00000010   Code   RO          443    .text._GLOBAL__sub_I_Usart.cpp  usart_1.o
    0x00003ba8   0x00003ba8   0x0000003a   Code   RO         1051    .text._Z12adc_adc_initPK12adc_device_t  adc.o
    0x00003be2   0x00003be2   0x00000002   PAD
    0x00003be4   0x00003be4   0x0000010e   Code   RO           25    .text._Z16I2C_EEI_Callbackv  main.o
    0x00003cf2   0x00003cf2   0x00000002   PAD
    0x00003cf4   0x00003cf4   0x00000024   Code   RO           31    .text._Z16I2C_RXI_Callbackv  main.o
    0x00003d18   0x00003d18   0x00000034   Code   RO           29    .text._Z16I2C_TEI_Callbackv  main.o
    0x00003d4c   0x00003d4c   0x00000234   Code   RO          814    .text._Z16timera_pwm_startP15timera_config_tjjb  wiring_digital.o
    0x00003f80   0x00003f80   0x00000028   Code   RO          471    .text._Z16usart_irq_resignR24usart_interrupt_config_tPKc  usart_1.o
    0x00003fa8   0x00003fa8   0x0000001a   Code   RO         1095    .text._Z17irqn_bitfield_getj  irqn.o
    0x00003fc2   0x00003fc2   0x00000002   PAD
    0x00003fc4   0x00003fc4   0x0000002e   Code   RO         1089    .text._Z17irqn_bitfield_setjb  irqn.o
    0x00003ff2   0x00003ff2   0x00000002   PAD
    0x00003ff4   0x00003ff4   0x00000020   Code   RO         1087    .text._Z18irqn_bitfield_nextRj  irqn.o
    0x00004014   0x00004014   0x00000044   Code   RO          469    .text._Z18usart_irq_registerR24usart_interrupt_config_tPKc  usart_1.o
    0x00004058   0x00004058   0x00000006   Code   RO         1053    .text._Z19adc_channel_to_maskPK12adc_device_th  adc.o
    0x0000405e   0x0000405e   0x00000002   PAD
    0x00004060   0x00004060   0x00000080   Code   RO          828    .text._Z19timera_n_to_clk_divt  wiring_digital.o
    0x000040e0   0x000040e0   0x000000dc   Code   RO          786    .text._Z21timera_get_assignmentsRP15timera_config_tR17en_timera_channelR12en_port_func  wiring_analog.o
    0x000041bc   0x000041bc   0x00000012   Code   RO          826    .text._Z21timera_get_base_clockv  wiring_digital.o
    0x000041ce   0x000041ce   0x00000002   PAD
    0x000041d0   0x000041d0   0x00000002   Code   RO         1093    .text._Z22irqn_to_bitfield_index4IRQn  irqn.o
    0x000041d2   0x000041d2   0x00000002   PAD
    0x000041d4   0x000041d4   0x000000b0   Code   RO          792    .text._Z24timera_pwm_channel_startP15timera_config_t17en_timera_channelb  wiring_analog.o
    0x00004284   0x00004284   0x00000004   Code   RO         1091    .text._Z27irqn_bitfield_index_to_irqnj  irqn.o
    0x00004288   0x00004288   0x0000008c   Code   RO          794    .text._Z30timera_set_channel_active_flagP15timera_config_t17en_timera_channelb  wiring_analog.o
    0x00004314   0x00004314   0x0000003a   Code   RO         1205    .text._Z31update_system_clock_frequenciesv  sysclock.o
    0x0000434e   0x0000434e   0x00000002   PAD
    0x00004350   0x00004350   0x0000006a   Code   RO         2934    .text._ZL11getPinIndexh  hardwarei2c.o
    0x000043ba   0x000043ba   0x00000002   PAD
    0x000043bc   0x000043bc   0x0000003c   Code   RO         2936    .text._ZL13getI2CPinFuncP14M4_I2C_TypeDefb  hardwarei2c.o
    0x000043f8   0x000043f8   0x00000034   Code   RO           41    .text._ZL14i2c_slave_taskPv  main.o
    0x0000442c   0x0000442c   0x00000016   Code   RO         2932    .text._ZL15getPortInstanceh  hardwarei2c.o
    0x00004442   0x00004442   0x00000002   PAD
    0x00004444   0x00004444   0x000000e6   Code   RO           37    .text._ZL16Slave_Initializev  main.o
    0x0000452a   0x0000452a   0x00000002   PAD
    0x0000452c   0x0000452c   0x00000020   Code   RO           47    .text._ZL16__NVIC_EnableIRQ4IRQn  main.o
    0x0000454c   0x0000454c   0x00000020   Code   RO          439    .text._ZL16__NVIC_EnableIRQ4IRQn  usart_1.o
    0x0000456c   0x0000456c   0x00000038   Code   RO           39    .text._ZL16led_thread_entryPv  main.o
    0x000045a4   0x000045a4   0x00000028   Code   RO          441    .text._ZL17__NVIC_DisableIRQ4IRQn  usart_1.o
    0x000045cc   0x000045cc   0x0000005e   Code   RO          546    .text._ZL18USART_rx_error_irqh  usart_config.o
    0x0000462a   0x0000462a   0x00000002   PAD
    0x0000462c   0x0000462c   0x00000024   Code   RO           45    .text._ZL18__NVIC_SetPriority4IRQnj  main.o
    0x00004650   0x00004650   0x00000024   Code   RO          435    .text._ZL18__NVIC_SetPriority4IRQnj  usart_1.o
    0x00004674   0x00004674   0x0000000a   Code   RO          514    .text._ZL19USARTx_rx_error_irqILh1EEvv  usart_config.o
    0x0000467e   0x0000467e   0x00000002   PAD
    0x00004680   0x00004680   0x0000000a   Code   RO          522    .text._ZL19USARTx_rx_error_irqILh2EEvv  usart_config.o
    0x0000468a   0x0000468a   0x00000002   PAD
    0x0000468c   0x0000468c   0x0000000a   Code   RO          530    .text._ZL19USARTx_rx_error_irqILh3EEvv  usart_config.o
    0x00004696   0x00004696   0x00000002   PAD
    0x00004698   0x00004698   0x0000000a   Code   RO          538    .text._ZL19USARTx_rx_error_irqILh4EEvv  usart_config.o
    0x000046a2   0x000046a2   0x00000002   PAD
    0x000046a4   0x000046a4   0x0000004e   Code   RO           49    .text._ZL20I2C_Slave_Receive_ITPhj  main.o
    0x000046f2   0x000046f2   0x00000002   PAD
    0x000046f4   0x000046f4   0x00000028   Code   RO          550    .text._ZL21USART_tx_complete_irqh  usart_config.o
    0x0000471c   0x0000471c   0x0000000a   Code   RO          518    .text._ZL22USARTx_tx_complete_irqILh1EEvv  usart_config.o
    0x00004726   0x00004726   0x00000002   PAD
    0x00004728   0x00004728   0x0000000a   Code   RO          526    .text._ZL22USARTx_tx_complete_irqILh2EEvv  usart_config.o
    0x00004732   0x00004732   0x00000002   PAD
    0x00004734   0x00004734   0x0000000a   Code   RO          534    .text._ZL22USARTx_tx_complete_irqILh3EEvv  usart_config.o
    0x0000473e   0x0000473e   0x00000002   PAD
    0x00004740   0x00004740   0x0000000a   Code   RO          542    .text._ZL22USARTx_tx_complete_irqILh4EEvv  usart_config.o
    0x0000474a   0x0000474a   0x00000002   PAD
    0x0000474c   0x0000474c   0x00000020   Code   RO           43    .text._ZL22__NVIC_ClearPendingIRQ4IRQn  main.o
    0x0000476c   0x0000476c   0x00000020   Code   RO          437    .text._ZL22__NVIC_ClearPendingIRQ4IRQn  usart_1.o
    0x0000478c   0x0000478c   0x00000052   Code   RO          548    .text._ZL25USART_tx_buffer_empty_irqh  usart_config.o
    0x000047de   0x000047de   0x00000002   PAD
    0x000047e0   0x000047e0   0x0000000a   Code   RO          516    .text._ZL26USARTx_tx_buffer_empty_irqILh1EEvv  usart_config.o
    0x000047ea   0x000047ea   0x00000002   PAD
    0x000047ec   0x000047ec   0x0000000a   Code   RO          524    .text._ZL26USARTx_tx_buffer_empty_irqILh2EEvv  usart_config.o
    0x000047f6   0x000047f6   0x00000002   PAD
    0x000047f8   0x000047f8   0x0000000a   Code   RO          532    .text._ZL26USARTx_tx_buffer_empty_irqILh3EEvv  usart_config.o
    0x00004802   0x00004802   0x00000002   PAD
    0x00004804   0x00004804   0x0000000a   Code   RO          540    .text._ZL26USARTx_tx_buffer_empty_irqILh4EEvv  usart_config.o
    0x0000480e   0x0000480e   0x00000002   PAD
    0x00004810   0x00004810   0x00000044   Code   RO          544    .text._ZL27USART_rx_data_available_irqh  usart_config.o
    0x00004854   0x00004854   0x0000000a   Code   RO          512    .text._ZL28USARTx_rx_data_available_irqILh1EEvv  usart_config.o
    0x0000485e   0x0000485e   0x00000002   PAD
    0x00004860   0x00004860   0x0000000a   Code   RO          520    .text._ZL28USARTx_rx_data_available_irqILh2EEvv  usart_config.o
    0x0000486a   0x0000486a   0x00000002   PAD
    0x0000486c   0x0000486c   0x0000000a   Code   RO          528    .text._ZL28USARTx_rx_data_available_irqILh3EEvv  usart_config.o
    0x00004876   0x00004876   0x00000002   PAD
    0x00004878   0x00004878   0x0000000a   Code   RO          536    .text._ZL28USARTx_rx_data_available_irqILh4EEvv  usart_config.o
    0x00004882   0x00004882   0x00000002   PAD
    0x00004884   0x00004884   0x00000028   Code   RO           27    .text._ZL7BufReadv  main.o
    0x000048ac   0x000048ac   0x00000026   Code   RO           33    .text._ZL8BufWriteh  main.o
    0x000048d2   0x000048d2   0x00000002   PAD
    0x000048d4   0x000048d4   0x00000048   Code   RO          507    .text._ZN10RingBufferIhE19_update_write_indexEj  usart_1.o
    0x0000491c   0x0000491c   0x0000001c   Code   RO          479    .text._ZN10RingBufferIhE3popERh  usart_1.o
    0x00004938   0x00004938   0x00000034   Code   RO          501    .text._ZN10RingBufferIhE4_popEv  usart_1.o
    0x0000496c   0x0000496c   0x00000018   Code   RO          477    .text._ZN10RingBufferIhE4peekEv  usart_1.o
    0x00004984   0x00004984   0x00000010   Code   RO          485    .text._ZN10RingBufferIhE4pushEhb  usart_1.o
    0x00004994   0x00004994   0x00000026   Code   RO          503    .text._ZN10RingBufferIhE4pushEhbRb  usart_1.o
    0x000049ba   0x000049ba   0x00000002   PAD
    0x000049bc   0x000049bc   0x00000010   Code   RO          505    .text._ZN10RingBufferIhE5_pushEh  usart_1.o
    0x000049cc   0x000049cc   0x0000000a   Code   RO          465    .text._ZN10RingBufferIhE5clearEv  usart_1.o
    0x000049d6   0x000049d6   0x00000002   PAD
    0x000049d8   0x000049d8   0x00000004   Code   RO          473    .text._ZN10RingBufferIhE5countEv  usart_1.o
    0x000049dc   0x000049dc   0x0000001c   Code   RO          483    .text._ZN10RingBufferIhE6isFullEv  usart_1.o
    0x000049f8   0x000049f8   0x0000000e   Code   RO          481    .text._ZN10RingBufferIhE7isEmptyEv  usart_1.o
    0x00004a06   0x00004a06   0x00000002   PAD
    0x00004a08   0x00004a08   0x00000004   Code   RO          475    .text._ZN10RingBufferIhE8capacityEv  usart_1.o
    0x00004a0c   0x00004a0c   0x0000001a   Code   RO          461    .text._ZN10RingBufferIhEC2Ej  usart_1.o
    0x00004a26   0x00004a26   0x00000002   PAD
    0x00004a28   0x00004a28   0x00000012   Code   RO          463    .text._ZN10RingBufferIhED2Ev  usart_1.o
    0x00004a3a   0x00004a3a   0x00000002   PAD
    0x00004a3c   0x00004a3c   0x0000005a   Code   RO         2930    .text._ZN11HardwareI2C10configPinsEv  hardwarei2c.o
    0x00004a96   0x00004a96   0x00000002   PAD
    0x00004a98   0x00004a98   0x0000005e   Code   RO         2928    .text._ZN11HardwareI2CC2EP14M4_I2C_TypeDefhhhhj  hardwarei2c.o
    0x00004af6   0x00004af6   0x00000002   PAD
    0x00004af8   0x00004af8   0x00000010   Code   RO         2938    .text._ZN11HardwareI2CD2Ev  hardwarei2c.o
    0x00004b08   0x00004b08   0x0000002e   Code   RO         3012    .text._ZN14EnhancedButtonC2Etttt  enhancedbutton.o
    0x00004b36   0x00004b36   0x00000002   PAD
    0x00004b38   0x00004b38   0x00000014   Code   RO          459    .text._ZN14HardwareSerialC2Ev  usart_1.o
    0x00004b4c   0x00004b4c   0x0000003c   Code   RO          617    .text._ZN5Print11printNumberEmh  print.o
    0x00004b88   0x00004b88   0x00000004   Code   RO          491    .text._ZN5Print17availableForWriteEv  usart_1.o
    0x00004b8c   0x00004b8c   0x00000002   Code   RO          666    .text._ZN5Print5flushEv  print.o
    0x00004b8e   0x00004b8e   0x00000002   PAD
    0x00004b90   0x00004b90   0x0000000a   Code   RO          605    .text._ZN5Print5printEc  print.o
    0x00004b9a   0x00004b9a   0x00000002   PAD
    0x00004b9c   0x00004b9c   0x00000008   Code   RO          607    .text._ZN5Print5printEhi  print.o
    0x00004ba4   0x00004ba4   0x00000016   Code   RO          609    .text._ZN5Print5printEmi  print.o
    0x00004bba   0x00004bba   0x00000002   PAD
    0x00004bbc   0x00004bbc   0x00000022   Code   RO          664    .text._ZN5Print5writeEPKc  print.o
    0x00004bde   0x00004bde   0x00000002   PAD
    0x00004be0   0x00004be0   0x0000002e   Code   RO          595    .text._ZN5Print5writeEPKhj  print.o
    0x00004c0e   0x00004c0e   0x00000002   PAD
    0x00004c10   0x00004c10   0x00000012   Code   RO          493    .text._ZN5PrintC2Ev  usart_1.o
    0x00004c22   0x00004c22   0x00000002   PAD
    0x00004c24   0x00004c24   0x00000018   Code   RO          423    .text._ZN5Usart17availableForWriteEv  usart_1.o
    0x00004c3c   0x00004c3c   0x000000ec   Code   RO          419    .text._ZN5Usart3endEv  usart_1.o
    0x00004d28   0x00004d28   0x0000000a   Code   RO          425    .text._ZN5Usart4peekEv  usart_1.o
    0x00004d32   0x00004d32   0x00000002   PAD
    0x00004d34   0x00004d34   0x00000020   Code   RO          427    .text._ZN5Usart4readEv  usart_1.o
    0x00004d54   0x00004d54   0x0000000e   Code   RO          413    .text._ZN5Usart5beginEj  usart_1.o
    0x00004d62   0x00004d62   0x00000002   PAD
    0x00004d64   0x00004d64   0x00000128   Code   RO          417    .text._ZN5Usart5beginEjPK19stc_usart_uart_initb  usart_1.o
    0x00004e8c   0x00004e8c   0x00000054   Code   RO          415    .text._ZN5Usart5beginEjt  usart_1.o
    0x00004ee0   0x00004ee0   0x00000028   Code   RO          429    .text._ZN5Usart5flushEv  usart_1.o
    0x00004f08   0x00004f08   0x0000003e   Code   RO          431    .text._ZN5Usart5writeEh  usart_1.o
    0x00004f46   0x00004f46   0x00000002   PAD
    0x00004f48   0x00004f48   0x0000000a   Code   RO          421    .text._ZN5Usart9availableEv  usart_1.o
    0x00004f52   0x00004f52   0x00000002   PAD
    0x00004f54   0x00004f54   0x0000005c   Code   RO          409    .text._ZN5UsartC2EP14usart_config_tssjj  usart_1.o
    0x00004fb0   0x00004fb0   0x00000038   Code   RO          411    .text._ZN5UsartD2Ev  usart_1.o
    0x00004fe8   0x00004fe8   0x00000004   Code   RO          487    .text._ZN5UsartcvbEv  usart_1.o
    0x00004fec   0x00004fec   0x0000001e   Code   RO          489    .text._ZN6StreamC2Ev  usart_1.o
    0x0000500a   0x0000500a   0x00000002   PAD
    0x0000500c   0x0000500c   0x00000014   Code   RO          252    .text._ZN7ChargerC2EP11HardwareI2C  charger.o
    0x00005020   0x00005020   0x0000000e   Code   RO          310    .text._ZN9FuelgaugeC2EP11HardwareI2C  fuelgauge.o
    0x0000502e   0x0000502e   0x00000002   PAD
    0x00005030   0x00005030   0x00000028   Code   RO         1230    .text._ZN9IPAddressC2Ehhhh  ipaddress.o
    0x00005058   0x00005058   0x0000000e   Code   RO         1258    .text._ZN9PrintableC2Ev  ipaddress.o
    0x00005066   0x00005066   0x00000002   PAD
    0x00005068   0x00005068   0x00000010   Code   RO          495    .text._ZNK10pin_info_t8bit_maskEv  usart_1.o
    0x00005078   0x00005078   0x00000016   Code   RO          782    .text._ZNK14pin_adc_info_t10get_deviceEv  wiring_analog.o
    0x0000508e   0x0000508e   0x00000002   PAD
    0x00005090   0x00005090   0x0000003e   Code   RO         1244    .text._ZNK9IPAddress7printToER5Print  ipaddress.o
    0x000050ce   0x000050ce   0x00000002   PAD
    0x000050d0   0x000050d0   0x00000008   Code   RO          585    .text._ZdaPv        new.o
    0x000050d8   0x000050d8   0x00000008   Code   RO          583    .text._ZdlPv        new.o
    0x000050e0   0x000050e0   0x00000008   Code   RO          581    .text._Znaj         new.o
    0x000050e8   0x000050e8   0x00000008   Code   RO          579    .text._Znwj         new.o
    0x000050f0   0x000050f0   0x0000000e   Code   RO           98    .text.__NVIC_SetPriority  board.o
    0x000050fe   0x000050fe   0x00000002   PAD
    0x00005100   0x00005100   0x00000002   Code   RO          392    .text.__cxa_pure_virtual  abi.o
    0x00005102   0x00005102   0x00000002   PAD
    0x00005104   0x00005104   0x00000024   Code   RO          178    .text.__cxx_global_var_init  key.o
    0x00005128   0x00005128   0x00000048   Code   RO          219    .text.__cxx_global_var_init  begin.o
    0x00005170   0x00005170   0x0000003e   Code   RO          403    .text.__cxx_global_var_init  usart_1.o
    0x000051ae   0x000051ae   0x00000002   PAD
    0x000051b0   0x000051b0   0x00000022   Code   RO         1226    .text.__cxx_global_var_init  ipaddress.o
    0x000051d2   0x000051d2   0x00000002   PAD
    0x000051d4   0x000051d4   0x00000018   Code   RO          221    .text.__cxx_global_var_init.1  begin.o
    0x000051ec   0x000051ec   0x0000003e   Code   RO          405    .text.__cxx_global_var_init.1  usart_1.o
    0x0000522a   0x0000522a   0x00000002   PAD
    0x0000522c   0x0000522c   0x00000018   Code   RO          223    .text.__cxx_global_var_init.2  begin.o
    0x00005244   0x00005244   0x0000003e   Code   RO          407    .text.__cxx_global_var_init.2  usart_1.o
    0x00005282   0x00005282   0x00000002   PAD
    0x00005284   0x00005284   0x00000008   Code   RO         1163    .text.__empty       yield.o
    0x0000528c   0x0000528c   0x00000038   Code   RO         2653    .text.__rt_ffs      kservice.o
    0x000052c4   0x000052c4   0x00000012   Code   RO         2508    .text._has_defunct_thread  idle.o
    0x000052d6   0x000052d6   0x00000002   PAD
    0x000052d8   0x000052d8   0x0000002a   Code   RO         1075    .text._irqn_aa_get  irqn.o
    0x00005302   0x00005302   0x00000002   PAD
    0x00005304   0x00005304   0x00000014   Code   RO         1077    .text._irqn_aa_resign  irqn.o
    0x00005318   0x00005318   0x000000c4   Code   RO         2790    .text._rt_thread_init  thread.o
    0x000053dc   0x000053dc   0x00000022   Code   RO         2839    .text._rt_timer_init  timer.o
    0x000053fe   0x000053fe   0x00000002   PAD
    0x00005400   0x00005400   0x0000000a   Code   RO         2843    .text._rt_timer_remove  timer.o
    0x0000540a   0x0000540a   0x00000002   PAD
    0x0000540c   0x0000540c   0x0000001a   Code   RO         2784    .text._thread_cleanup_execute  thread.o
    0x00005426   0x00005426   0x00000002   PAD
    0x00005428   0x00005428   0x0000006c   Code   RO         1029    .text.adc_device_init  adc.o
    0x00005494   0x00005494   0x00000078   Code   RO         1033    .text.adc_disable_channel  adc.o
    0x0000550c   0x0000550c   0x00000094   Code   RO         1031    .text.adc_enable_channel  adc.o
    0x000055a0   0x000055a0   0x00000094   Code   RO           94    .text.check_resetCause  board.o
    0x00005634   0x00005634   0x00000034   Code   RO           80    .text.core_init     board.o
    0x00005668   0x00005668   0x00000032   Code   RO         2659    .text.divide        kservice.o
    0x0000569a   0x0000569a   0x00000002   PAD
    0x0000569c   0x0000569c   0x000000b0   Code   RO         1436    .text.enIrqRegistration  hc32f460_interrupts.o
    0x0000574c   0x0000574c   0x00000034   Code   RO         1438    .text.enIrqResign   hc32f460_interrupts.o
    0x00005780   0x00005780   0x00000038   Code   RO          497    .text.irqn_aa_get   usart_1.o
    0x000057b8   0x000057b8   0x00000034   Code   RO          499    .text.irqn_aa_resign  usart_1.o
    0x000057ec   0x000057ec   0x000000c4   Code   RO           35    .text.main          main.o
    0x000058b0   0x000058b0   0x0000000c   Code   RO         2489    .text.main_thread_entry  components.o
    0x000058bc   0x000058bc   0x000000e0   Code   RO          797    .text.pinMode       wiring_digital.o
    0x0000599c   0x0000599c   0x0000010c   Code   RO         2682    .text.plug_holes    mem.o
    0x00005aa8   0x00005aa8   0x000001ac   Code   RO         2637    .text.print_number  kservice.o
    0x00005c54   0x00005c54   0x00000064   Code   RO         2491    .text.rt_application_init  components.o
    0x00005cb8   0x00005cb8   0x00000074   Code   RO         2657    .text.rt_assert_handler  kservice.o
    0x00005d2c   0x00005d2c   0x0000002c   Code   RO         2481    .text.rt_components_board_init  components.o
    0x00005d58   0x00005d58   0x0000002c   Code   RO         2483    .text.rt_components_init  components.o
    0x00005d84   0x00005d84   0x0000001a   Code   RO         2760    .text.rt_enter_critical  scheduler.o
    0x00005d9e   0x00005d9e   0x00000002   PAD
    0x00005da0   0x00005da0   0x0000003e   Code   RO         2762    .text.rt_exit_critical  scheduler.o
    0x00005dde   0x00005dde   0x00000002   PAD
    0x00005de0   0x00005de0   0x000001d8   Code   RO         2680    .text.rt_free       mem.o
    0x00005fb8   0x00005fb8   0x0000000a   Code   RO           76    .text.rt_heap_begin_get  board.o
    0x00005fc2   0x00005fc2   0x00000002   PAD
    0x00005fc4   0x00005fc4   0x0000000e   Code   RO           78    .text.rt_heap_end_get  board.o
    0x00005fd2   0x00005fd2   0x00000002   PAD
    0x00005fd4   0x00005fd4   0x0000001e   Code   RO           86    .text.rt_hw_board_init  board.o
    0x00005ff2   0x00005ff2   0x00000002   PAD
    0x00005ff4   0x00005ff4   0x00000042   Code   RO           90    .text.rt_hw_console_output  board.o
    0x00006036   0x00006036   0x00000002   PAD
    0x00006038   0x00006038   0x0000019c   Code   RO         2435    .text.rt_hw_hard_fault_exception  cpuport.o
    0x000061d4   0x000061d4   0x00000042   Code   RO         2431    .text.rt_hw_stack_init  cpuport.o
    0x00006216   0x00006216   0x00000002   PAD
    0x00006218   0x00006218   0x0000001a   Code   RO         2584    .text.rt_interrupt_enter  irq.o
    0x00006232   0x00006232   0x00000002   PAD
    0x00006234   0x00006234   0x00000018   Code   RO         2588    .text.rt_interrupt_get_nest  irq.o
    0x0000624c   0x0000624c   0x0000001a   Code   RO         2586    .text.rt_interrupt_leave  irq.o
    0x00006266   0x00006266   0x00000002   PAD
    0x00006268   0x00006268   0x0000000c   Code   RO         2551    .text.rt_ipc_list_resume  ipc.o
    0x00006274   0x00006274   0x00000056   Code   RO         2543    .text.rt_ipc_list_suspend  ipc.o
    0x000062ca   0x000062ca   0x00000002   PAD
    0x000062cc   0x000062cc   0x0000000a   Code   RO         2531    .text.rt_ipc_object_init  ipc.o
    0x000062d6   0x000062d6   0x00000002   PAD
    0x000062d8   0x000062d8   0x00000032   Code   RO         2631    .text.rt_kprintf    kservice.o
    0x0000630a   0x0000630a   0x00000002   PAD
    0x0000630c   0x0000630c   0x00000006   Code   RO         2557    .text.rt_list_init  ipc.o
    0x00006312   0x00006312   0x00000002   PAD
    0x00006314   0x00006314   0x00000006   Code   RO         2744    .text.rt_list_init  scheduler.o
    0x0000631a   0x0000631a   0x00000002   PAD
    0x0000631c   0x0000631c   0x00000006   Code   RO         2826    .text.rt_list_init  thread.o
    0x00006322   0x00006322   0x00000002   PAD
    0x00006324   0x00006324   0x00000006   Code   RO         2859    .text.rt_list_init  timer.o
    0x0000632a   0x0000632a   0x00000002   PAD
    0x0000632c   0x0000632c   0x0000000c   Code   RO         2716    .text.rt_list_insert_after  object.o
    0x00006338   0x00006338   0x00000014   Code   RO         2786    .text.rt_list_insert_after  thread.o
    0x0000634c   0x0000634c   0x0000000c   Code   RO         2851    .text.rt_list_insert_after  timer.o
    0x00006358   0x00006358   0x0000000c   Code   RO         2573    .text.rt_list_insert_before  ipc.o
    0x00006364   0x00006364   0x0000000c   Code   RO         2752    .text.rt_list_insert_before  scheduler.o
    0x00006370   0x00006370   0x0000000c   Code   RO         2808    .text.rt_list_insert_before  thread.o
    0x0000637c   0x0000637c   0x0000000c   Code   RO         2549    .text.rt_list_isempty  ipc.o
    0x00006388   0x00006388   0x0000000c   Code   RO         2758    .text.rt_list_isempty  scheduler.o
    0x00006394   0x00006394   0x0000000c   Code   RO         2861    .text.rt_list_isempty  timer.o
    0x000063a0   0x000063a0   0x00000010   Code   RO         2510    .text.rt_list_remove  idle.o
    0x000063b0   0x000063b0   0x00000010   Code   RO         2720    .text.rt_list_remove  object.o
    0x000063c0   0x000063c0   0x00000010   Code   RO         2756    .text.rt_list_remove  scheduler.o
    0x000063d0   0x000063d0   0x00000010   Code   RO         2806    .text.rt_list_remove  thread.o
    0x000063e0   0x000063e0   0x00000010   Code   RO         2863    .text.rt_list_remove  timer.o
    0x000063f0   0x000063f0   0x0000027c   Code   RO         2676    .text.rt_malloc     mem.o
    0x0000666c   0x0000666c   0x0000005c   Code   RO         2605    .text.rt_memset     kservice.o
    0x000066c8   0x000066c8   0x000000a6   Code   RO         2722    .text.rt_object_allocate  object.o
    0x0000676e   0x0000676e   0x00000002   PAD
    0x00006770   0x00006770   0x00000088   Code   RO         2724    .text.rt_object_delete  object.o
    0x000067f8   0x000067f8   0x00000048   Code   RO         2718    .text.rt_object_detach  object.o
    0x00006840   0x00006840   0x00000022   Code   RO         2708    .text.rt_object_get_information  object.o
    0x00006862   0x00006862   0x00000002   PAD
    0x00006864   0x00006864   0x00000034   Code   RO         2728    .text.rt_object_get_type  object.o
    0x00006898   0x00006898   0x000000a4   Code   RO         2714    .text.rt_object_init  object.o
    0x0000693c   0x0000693c   0x0000003c   Code   RO         2726    .text.rt_object_is_systemobject  object.o
    0x00006978   0x00006978   0x0000007c   Code   RO         2748    .text.rt_schedule   scheduler.o
    0x000069f4   0x000069f4   0x00000078   Code   RO         2750    .text.rt_schedule_insert_thread  scheduler.o
    0x00006a6c   0x00006a6c   0x00000074   Code   RO         2754    .text.rt_schedule_remove_thread  scheduler.o
    0x00006ae0   0x00006ae0   0x00000062   Code   RO         2529    .text.rt_sem_init   ipc.o
    0x00006b42   0x00006b42   0x00000002   PAD
    0x00006b44   0x00006b44   0x0000008e   Code   RO         2547    .text.rt_sem_release  ipc.o
    0x00006bd2   0x00006bd2   0x00000002   PAD
    0x00006bd4   0x00006bd4   0x00000134   Code   RO         2541    .text.rt_sem_take   ipc.o
    0x00006d08   0x00006d08   0x000000b8   Code   RO         2629    .text.rt_show_version  kservice.o
    0x00006dc0   0x00006dc0   0x00000010   Code   RO         2615    .text.rt_strlen     kservice.o
    0x00006dd0   0x00006dd0   0x00000032   Code   RO         2619    .text.rt_strncpy    kservice.o
    0x00006e02   0x00006e02   0x00000002   PAD
    0x00006e04   0x00006e04   0x00000110   Code   RO         2674    .text.rt_system_heap_init  mem.o
    0x00006f14   0x00006f14   0x00000054   Code   RO         2742    .text.rt_system_scheduler_init  scheduler.o
    0x00006f68   0x00006f68   0x00000036   Code   RO         2746    .text.rt_system_scheduler_start  scheduler.o
    0x00006f9e   0x00006f9e   0x00000002   PAD
    0x00006fa0   0x00006fa0   0x00000010   Code   RO         2869    .text.rt_system_timer_init  timer.o
    0x00006fb0   0x00006fb0   0x00000002   Code   RO         2871    .text.rt_system_timer_thread_init  timer.o
    0x00006fb2   0x00006fb2   0x00000002   PAD
    0x00006fb4   0x00006fb4   0x0000004a   Code   RO         2800    .text.rt_thread_create  thread.o
    0x00006ffe   0x00006ffe   0x00000002   PAD
    0x00007000   0x00007000   0x00000052   Code   RO         2782    .text.rt_thread_exit  thread.o
    0x00007052   0x00007052   0x00000002   PAD
    0x00007054   0x00007054   0x00000006   Code   RO         2514    .text.rt_thread_idle_entry  idle.o
    0x0000705a   0x0000705a   0x00000002   PAD
    0x0000705c   0x0000705c   0x00000098   Code   RO         2506    .text.rt_thread_idle_excute  idle.o
    0x000070f4   0x000070f4   0x0000004c   Code   RO         2512    .text.rt_thread_idle_init  idle.o
    0x00007140   0x00007140   0x00000088   Code   RO         2788    .text.rt_thread_init  thread.o
    0x000071c8   0x000071c8   0x0000000e   Code   RO         2818    .text.rt_thread_mdelay  thread.o
    0x000071d6   0x000071d6   0x00000002   PAD
    0x000071d8   0x000071d8   0x00000078   Code   RO         2796    .text.rt_thread_resume  thread.o
    0x00007250   0x00007250   0x0000000c   Code   RO         2792    .text.rt_thread_self  thread.o
    0x0000725c   0x0000725c   0x00000086   Code   RO         2810    .text.rt_thread_sleep  thread.o
    0x000072e2   0x000072e2   0x00000002   PAD
    0x000072e4   0x000072e4   0x000000c0   Code   RO         2794    .text.rt_thread_startup  thread.o
    0x000073a4   0x000073a4   0x0000007e   Code   RO         2812    .text.rt_thread_suspend  thread.o
    0x00007422   0x00007422   0x00000002   PAD
    0x00007424   0x00007424   0x000000b4   Code   RO         2822    .text.rt_thread_timeout  thread.o
    0x000074d8   0x000074d8   0x0000005e   Code   RO         2804    .text.rt_thread_yield  thread.o
    0x00007536   0x00007536   0x00000002   PAD
    0x00007538   0x00007538   0x0000003a   Code   RO         2462    .text.rt_tick_from_millisecond  clock.o
    0x00007572   0x00007572   0x00000002   PAD
    0x00007574   0x00007574   0x0000000c   Code   RO         2456    .text.rt_tick_get   clock.o
    0x00007580   0x00007580   0x00000030   Code   RO         2460    .text.rt_tick_increase  clock.o
    0x000075b0   0x000075b0   0x000000ae   Code   RO         2857    .text.rt_timer_check  timer.o
    0x0000765e   0x0000765e   0x00000002   PAD
    0x00007660   0x00007660   0x0000008a   Code   RO         2855    .text.rt_timer_control  timer.o
    0x000076ea   0x000076ea   0x00000002   PAD
    0x000076ec   0x000076ec   0x000000a4   Code   RO         2841    .text.rt_timer_detach  timer.o
    0x00007790   0x00007790   0x00000054   Code   RO         2837    .text.rt_timer_init  timer.o
    0x000077e4   0x000077e4   0x000000f8   Code   RO         2849    .text.rt_timer_start  timer.o
    0x000078dc   0x000078dc   0x0000006a   Code   RO         2853    .text.rt_timer_stop  timer.o
    0x00007946   0x00007946   0x00000002   PAD
    0x00007948   0x00007948   0x0000030e   Code   RO         2633    .text.rt_vsnprintf  kservice.o
    0x00007c56   0x00007c56   0x00000002   PAD
    0x00007c58   0x00007c58   0x00000004   Code   RO         2477    .text.rti_board_end  components.o
    0x00007c5c   0x00007c5c   0x00000004   Code   RO         2475    .text.rti_board_start  components.o
    0x00007c60   0x00007c60   0x00000004   Code   RO         2479    .text.rti_end       components.o
    0x00007c64   0x00007c64   0x00000004   Code   RO         2473    .text.rti_start     components.o
    0x00007c68   0x00007c68   0x0000002a   Code   RO         2487    .text.rtthread_startup  components.o
    0x00007c92   0x00007c92   0x00000002   PAD
    0x00007c94   0x00007c94   0x0000003c   Code   RO         2635    .text.skip_atoi     kservice.o
    0x00007cd0   0x00007cd0   0x00000034   Code   RO           84    .text.sysTick_Init  board.o
    0x00007d04   0x00007d04   0x0000001a   Code   RO         3515    x$fpl$fpinit        fz_wm.l(fpinit.o)
    0x00007d1e   0x00007d1e   0x00000002   PAD
    0x00007d20   0x00007d20   0x00000009   Data   RO          111    .rodata..L__const.DebugUsartInit.stcInitCfg  usart.o
    0x00007d29   0x00007d29   0x00000003   PAD
    0x00007d2c   0x00007d2c   0x0000000c   Data   RO          774    .rodata..L__const._Z24timera_pwm_channel_startP15timera_config_t17en_timera_channelb.cmp_config  wiring_analog.o
    0x00007d38   0x00007d38   0x00000009   Data   RO          449    .rodata..L__const._ZN5Usart5beginEjt.usartConfig  usart_1.o
    0x00007d41   0x00007d41   0x000000f9   Data   RO         1141    .rodata.PIN_MAP     variant.o
    0x00007e3a   0x00007e3a   0x00000002   PAD
    0x00007e3c   0x00007e3c   0x00000034   Data   RO          509    .rodata._ZTV14HardwareSerial  usart_1.o
    0x00007e70   0x00007e70   0x00000018   Data   RO          650    .rodata._ZTV5Print  print.o
    0x00007e88   0x00007e88   0x00000034   Data   RO          448    .rodata._ZTV5Usart  usart_1.o
    0x00007ebc   0x00007ebc   0x00000024   Data   RO          510    .rodata._ZTV6Stream  usart_1.o
    0x00007ee0   0x00007ee0   0x0000000c   Data   RO         1249    .rodata._ZTV9IPAddress  ipaddress.o
    0x00007eec   0x00007eec   0x0000000c   Data   RO         1260    .rodata._ZTV9Printable  ipaddress.o
    0x00007ef8   0x00007ef8   0x00000100   Data   RO         2664    .rodata.__lowest_bit_bitmap  kservice.o
    0x00007ff8   0x00007ff8   0x0000000c   Data   RO           66    .rodata.str1.1      main.o
    0x00008004   0x00008004   0x0000004f   Data   RO          450    .rodata.str1.1      usart_1.o
    0x00008053   0x00008053   0x0000009e   Data   RO          805    .rodata.str1.1      wiring_digital.o
    0x000080f1   0x000080f1   0x0000000e   Data   RO         1043    .rodata.str1.1      adc.o
    0x000080ff   0x000080ff   0x0000001d   Data   RO         1363    .rodata.str1.1      hc32f460_pwc.o
    0x0000811c   0x0000811c   0x0000001d   Data   RO         1421    .rodata.str1.1      hc32f460_efm.o
    0x00008139   0x00008139   0x0000001f   Data   RO         1837    .rodata.str1.1      hc32f460_usart.o
    0x00008158   0x00008158   0x0000001e   Data   RO         1899    .rodata.str1.1      hc32f460_gpio.o
    0x00008176   0x00008176   0x0000001d   Data   RO         1982    .rodata.str1.1      hc32f460_clk.o
    0x00008193   0x00008193   0x0000001d   Data   RO         2093    .rodata.str1.1      hc32f460_adc.o
    0x000081b0   0x000081b0   0x00000020   Data   RO         2170    .rodata.str1.1      hc32f460_timera.o
    0x000081d0   0x000081d0   0x0000001d   Data   RO         2300    .rodata.str1.1      hc32f460_i2c.o
    0x000081ed   0x000081ed   0x00000093   Data   RO         2442    .rodata.str1.1      cpuport.o
    0x00008280   0x00008280   0x00000016   Data   RO         2518    .rodata.str1.1      idle.o
    0x00008296   0x00008296   0x000000ea   Data   RO         2575    .rodata.str1.1      ipc.o
    0x00008380   0x00008380   0x00000029   Data   RO         2662    .rodata.str1.1      kservice.o
    0x000083a9   0x000083a9   0x00000132   Data   RO         2688    .rodata.str1.1      mem.o
    0x000084db   0x000084db   0x0000005c   Data   RO         2733    .rodata.str1.1      object.o
    0x00008537   0x00008537   0x00000012   Data   RO         2772    .rodata.str1.1      scheduler.o
    0x00008549   0x00008549   0x000000a8   Data   RO         2828    .rodata.str1.1      thread.o
    0x000085f1   0x000085f1   0x0000008b   Data   RO         2873    .rodata.str1.1      timer.o
    0x0000867c   0x0000867c   0x00000004   Data   RO         2493    .rti_fn.0           components.o
    0x00008680   0x00008680   0x00000004   Data   RO         2494    .rti_fn.0.end       components.o
    0x00008684   0x00008684   0x00000004   Data   RO         2495    .rti_fn.1.end       components.o
    0x00008688   0x00008688   0x00000004   Data   RO         2496    .rti_fn.6.end       components.o
    0x0000868c   0x0000868c   0x00000020   Data   RO         3718    Region$$Table       anon$$obj.o
    0x000086ac   0x000086ac   0x00000004   Data   RO          189    .init_array         key.o
    0x000086b0   0x000086ac   0x00000004   Data   RO          241    .init_array         begin.o
    0x000086b4   0x000086ac   0x00000004   Data   RO          451    .init_array         usart_1.o
    0x000086b8   0x000086ac   0x00000004   Data   RO         1250    .init_array         ipaddress.o
    0x000086bc   0x000086ac   0x00000000   Data   RO         3196    .init_array         c_w.l(init_aeabi.o)


    Execution Region RW_IRAM1 (Exec base: 0x1fff8000, Load base: 0x000086c0, Size: 0x00005800, Max: 0x00027000, ABSOLUTE, COMPRESSED[0x00000118])

    Exec Addr    Load Addr    Size         Type   Attr      Idx    E Section Name        Object

    0x1fff8000   COMPRESSED   0x00000010   Data   RW         1056    .data.ADC1_device   adc_config.o
    0x1fff8010   COMPRESSED   0x00000004   Data   RW           15    .data.HRC_VALUE     system_hc32f460.o
    0x1fff8014   COMPRESSED   0x00000004   Data   RW           16    .data.SystemCoreClock  system_hc32f460.o
    0x1fff8018   COMPRESSED   0x0000001c   Data   RW         1111    .data.TIMERA1_config  timera_config.o
    0x1fff8034   COMPRESSED   0x0000001c   Data   RW         1112    .data.TIMERA2_config  timera_config.o
    0x1fff8050   COMPRESSED   0x0000001c   Data   RW         1113    .data.TIMERA3_config  timera_config.o
    0x1fff806c   COMPRESSED   0x0000001c   Data   RW         1114    .data.TIMERA4_config  timera_config.o
    0x1fff8088   COMPRESSED   0x0000001c   Data   RW         1115    .data.TIMERA5_config  timera_config.o
    0x1fff80a4   COMPRESSED   0x0000001c   Data   RW         1116    .data.TIMERA6_config  timera_config.o
    0x1fff80c0   COMPRESSED   0x00000038   Data   RW          552    .data.USART1_config  usart_config.o
    0x1fff80f8   COMPRESSED   0x00000038   Data   RW          553    .data.USART2_config  usart_config.o
    0x1fff8130   COMPRESSED   0x00000038   Data   RW          554    .data.USART3_config  usart_config.o
    0x1fff8168   COMPRESSED   0x00000038   Data   RW          555    .data.USART4_config  usart_config.o
    0x1fff81a0   COMPRESSED   0x00000010   Data   RW          556    .data.USARTx        usart_config.o
    0x1fff81b0   COMPRESSED   0x00000040   Data   RW         2732    .data.rt_object_container  object.o
    0x1fff81f0        -       0x00000060   Zero   RW         3445    .bss                c_w.l(libspace.o)
    0x1fff8250        -       0x00000200   Zero   RW         1724    .bss.IrqHandler     hc32f460_interrupts.o
    0x1fff8450        -       0x00000020   Zero   RW         1207    .bss.SYSTEM_CLOCK_FREQUENCIES  sysclock.o
    0x1fff8470        -       0x00000024   Zero   RW          445    .bss.Serial1        usart_1.o
    0x1fff8494        -       0x00000024   Zero   RW          446    .bss.Serial2        usart_1.o
    0x1fff84b8        -       0x00000024   Zero   RW          447    .bss.Serial3        usart_1.o
    0x1fff84dc        -       0x00000078   Zero   RW           62    .bss._ZL10led_thread  main.o
    0x1fff8554        -       0x00000008   Zero   RW         1248    .bss._ZL11INADDR_NONE  ipaddress.o
    0x1fff855c        -       0x00000078   Zero   RW           64    .bss._ZL15i2cSlave_thread  main.o
    0x1fff85d4        -       0x00000400   Zero   RW           63    .bss._ZL19rt_led_thread_stack  main.o
    0x1fff89d4        -       0x00000400   Zero   RW           65    .bss._ZL21i2cSlave_thread_stack  main.o
    0x1fff8dd4        -       0x00000014   Zero   RW           61    .bss._ZL9stcI2cCom  main.o
    0x1fff8de8        -       0x00000010   Zero   RW          239    .bss.bq40z50        begin.o
    0x1fff8df8        -       0x00000024   Zero   RW          188    .bss.functionKey    key.o
    0x1fff8e1c        -       0x00000004   Zero   RW         2691    .bss.heap_end       mem.o
    0x1fff8e20        -       0x00000004   Zero   RW         2690    .bss.heap_ptr       mem.o
    0x1fff8e24        -       0x00000020   Zero   RW         2692    .bss.heap_sem       mem.o
    0x1fff8e44        -       0x0000000c   Zero   RW          237    .bss.i2c            begin.o
    0x1fff8e50        -       0x00000078   Zero   RW         2519    .bss.idle           idle.o
    0x1fff8ec8        -       0x00000010   Zero   RW         1079    .bss.irqn_bitfield  irqn.o
    0x1fff8ed8        -       0x00000004   Zero   RW         2693    .bss.lfree          mem.o
    0x1fff8edc        -       0x00000004   Zero   RW         2695    .bss.max_mem        mem.o
    0x1fff8ee0        -       0x00000004   Zero   RW         2689    .bss.mem_size_aligned  mem.o
    0x1fff8ee4        -       0x00000014   Zero   RW          238    .bss.mp2762         begin.o
    0x1fff8ef8        -       0x00000004   Zero   RW         2665    .bss.rt_assert_hook  kservice.o
    0x1fff8efc        -       0x00000001   Zero   RW         2769    .bss.rt_current_priority  scheduler.o
    0x1fff8efd   COMPRESSED   0x00000003   PAD
    0x1fff8f00        -       0x00000004   Zero   RW         2766    .bss.rt_current_thread  scheduler.o
    0x1fff8f04        -       0x00000004   Zero   RW         2441    .bss.rt_exception_hook  cpuport.o
    0x1fff8f08        -       0x00004000   Zero   RW          100    .bss.rt_heap        board.o
    0x1fffcf08        -       0x00000004   Zero   RW         2443    .bss.rt_interrupt_from_thread  cpuport.o
    0x1fffcf0c        -       0x00000001   Zero   RW         2590    .bss.rt_interrupt_nest  irq.o
    0x1fffcf0d   COMPRESSED   0x00000003   PAD
    0x1fffcf10        -       0x00000004   Zero   RW         2444    .bss.rt_interrupt_to_thread  cpuport.o
    0x1fffcf14        -       0x00000080   Zero   RW         2663    .bss.rt_kprintf.rt_log_buf  kservice.o
    0x1fffcf94        -       0x00000002   Zero   RW         2767    .bss.rt_scheduler_lock_nest  scheduler.o
    0x1fffcf96   COMPRESSED   0x00000002   PAD
    0x1fffcf98        -       0x00000008   Zero   RW         2771    .bss.rt_thread_defunct  scheduler.o
    0x1fffcfa0        -       0x00000040   Zero   RW         2768    .bss.rt_thread_priority_table  scheduler.o
    0x1fffcfe0        -       0x00000004   Zero   RW         2770    .bss.rt_thread_ready_priority_group  scheduler.o
    0x1fffcfe4        -       0x00000100   Zero   RW         2520    .bss.rt_thread_stack  idle.o
    0x1fffd0e4        -       0x00000004   Zero   RW         2445    .bss.rt_thread_switch_interrupt_flag  cpuport.o
    0x1fffd0e8        -       0x00000004   Zero   RW         2464    .bss.rt_tick        clock.o
    0x1fffd0ec        -       0x00000008   Zero   RW         2875    .bss.rt_timer_list  timer.o
    0x1fffd0f4        -       0x00000004   Zero   RW         2874    .bss.rt_timer_start.random_nr  timer.o
    0x1fffd0f8        -       0x00000004   Zero   RW         1132    .bss.ticks_ms       systick.o
    0x1fffd0fc        -       0x00000100   Zero   RW           60    .bss.u8RxBuf        main.o
    0x1fffd1fc        -       0x00000004   Zero   RW         2694    .bss.used_mem       mem.o
    0x1fffd200        -       0x00000200   Zero   RW            2    HEAP                startup_hc32f460.o
    0x1fffd400        -       0x00000400   Zero   RW            1    STACK               startup_hc32f460.o


==============================================================================

Image component sizes


      Code (inc. data)   RO Data    RW Data    ZI Data      Debug   Object Name

         2          0          0          0          0       3622   abi.o
       440         96         14          0          0      18667   adc.o
         0          0          0         16          0       5042   adc_config.o
       136          0          4          0         48      23730   begin.o
       604         96          0          0      16384      11747   board.o
        20          0          0          0          0      27687   charger.o
       118          0          0          0          4       2475   clock.o
       268         44         16          0          0       3037   components.o
       308         28          0          0          0        816   context_rvds.o
       478        160        147          0         16       2769   cpuport.o
         2          0          0          0          0        628   ddl_assert.o
        46          0          0          0          0      21104   enhancedbutton.o
        14          0          0          0          0      24735   fuelgauge.o
       388         22          0          0          0      27553   hardwarei2c.o
       640          0         29          0          0      38108   hc32f460_adc.o
      1766         12         29          0          0      35912   hc32f460_clk.o
        86          0         29          0          0      11875   hc32f460_efm.o
       722          0         30          0          0      24842   hc32f460_gpio.o
      1512          8         29          0          0      30113   hc32f460_i2c.o
      3028         36          0          0        512      40115   hc32f460_interrupts.o
       334          0         29          0          0      55710   hc32f460_pwc.o
       270          0          0          0          0      14141   hc32f460_rmu.o
       980          0         32          0          0      41211   hc32f460_timera.o
      2670         44         31          0          0      32085   hc32f460_usart.o
       268         52         22          0        376       2757   idle.o
       158          0         28          0          8      26105   ipaddress.o
       686          0        234          0          0      10727   ipc.o
        76          0          0          0          1       1003   irq.o
       172          0          0          0         16      14798   irqn.o
        44          0          4          0         36      19679   key.o
      1884        294        297          0        132      15619   kservice.o
      1148         60         12          0       2564      35258   main.o
      1648        384        306          0         56       5132   mem.o
        32          0          0          0          0       4140   new.o
       712        128         92         64          0       5940   object.o
       182          0         24          0          0      34227   print.o
       632         56         18          0         83       4344   scheduler.o
       116         38        640          0       1536        892   startup_hc32f460.o
        58          0          0          0         32       4878   sysclock.o
       178          6          0          8          0      13745   system_hc32f460.o
         0          0          0          0          4       9509   systick.o
      1440        192        168          0          0       8382   thread.o
      1022        102        139          0         12       6618   timer.o
         0          0          0        168          0      13343   timera_config.o
       122          0          9          0          0       6952   usart.o
      1998        100        232          0        108      45329   usart_1.o
       444          0          0        240          0      23061   usart_config.o
         0          0        249          0          0       5166   variant.o
        38          0          0          0          0      28489   winterrupts.o
       558        164         12          0          0      29688   wiring_analog.o
       934        126        158          0          0      31811   wiring_digital.o
         8          0          0          0          0        377   yield.o

    ----------------------------------------------------------------------
     29848       2248       3100        496      21936     905693   Object Totals
         0          0         32          0          0          0   (incl. Generated)
       458          0          5          0          8          0   (incl. Padding)

    ----------------------------------------------------------------------

      Code (inc. data)   RO Data    RW Data    ZI Data      Debug   Library Member Name

        58          0          0          0          0          0   __dczerorl.o
         8          0          0          0          0         68   __main.o
         0          0          0          0          0          0   __rtentry.o
        12          0          0          0          0          0   __rtentry2.o
         6          0          0          0          0          0   __rtentry4.o
        52          8          0          0          0          0   __scatter.o
        28          0          0          0          0          0   __scatter_zi.o
        46          0          0          0          0         84   aeabi_atexit.o
        16          0          0          0          0         68   aeabi_memset.o
        10          0          0          0          0         68   cxa_atexit.o
        66          0          0          0          0         84   cxa_finalize.o
        10          0          0          0          0         68   defsig_exit.o
        50          0          0          0          0         88   defsig_general.o
        80         58          0          0          0         76   defsig_rtmem_inner.o
        14          0          0          0          0         80   defsig_rtmem_outer.o
        18          0          0          0          0         80   exit.o
        94          0          0          0          0         80   h1_alloc.o
        52          0          0          0          0         68   h1_extend.o
        78          0          0          0          0         80   h1_free.o
        14          0          0          0          0         84   h1_init.o
         6          0          0          0          0        152   heapauxi.o
         4          0          0          0          0        136   hguard.o
         0          0          0          0          0          0   indicate_semi.o
        36          8          0          0          0         80   init_aeabi.o
       138          0          0          0          0        168   init_alloc.o
         2          0          0          0          0          0   libinit.o
        18          0          0          0          0          0   libinit2.o
         2          0          0          0          0          0   libshutdown.o
         8          0          0          0          0          0   libshutdown2.o
         8          4          0          0         96         68   libspace.o
       240          0          0          0          0        100   lludivv7m.o
         0          0          0          0          0          0   maybetermalloc1.o
         8          4          0          0          0         68   rt_ddtor_pointer_addr_intlibspace.o
         8          4          0          0          0         68   rt_heap_descriptor_intlibspace.o
        68          0          0          0          0         68   rt_memclr.o
        78          0          0          0          0         80   rt_memclr_w.o
         2          0          0          0          0          0   rtexit.o
        10          0          0          0          0          0   rtexit2.o
        62          0          0          0          0         76   strlen.o
        12          4          0          0          0         68   sys_exit.o
        74          0          0          0          0         80   sys_stackheap_outer.o
        14          0          0          0          0         76   sys_wrch.o
         2          0          0          0          0         68   use_no_semi.o
        26          0          0          0          0        116   fpinit.o

    ----------------------------------------------------------------------
      1544         90          0          0         96       2548   Library Totals
         6          0          0          0          0          0   (incl. Padding)

    ----------------------------------------------------------------------

      Code (inc. data)   RO Data    RW Data    ZI Data      Debug   Library Name

      1512         90          0          0         96       2432   c_w.l
        26          0          0          0          0        116   fz_wm.l

    ----------------------------------------------------------------------
      1544         90          0          0         96       2548   Library Totals

    ----------------------------------------------------------------------

==============================================================================


      Code (inc. data)   RO Data    RW Data    ZI Data      Debug   

     31392       2338       3100        496      22032     905889   Grand Totals
     31392       2338       3100        280      22032     905889   ELF Image Totals (compressed)
     31392       2338       3100        280          0          0   ROM Totals

==============================================================================

    Total RO  Size (Code + RO Data)                34492 (  33.68kB)
    Total RW  Size (RW Data + ZI Data)             22528 (  22.00kB)
    Total ROM Size (Code + RO Data + RW Data)      34772 (  33.96kB)

==============================================================================

