<html>
<body>
<pre>
<h1>µVision Build Log</h1>
<h2>Tool Versions:</h2>
IDE-Version: ¦ÌVision V5.36.0.0
Copyright (C) 2021 ARM Ltd and ARM Germany GmbH. All rights reserved.
License Information: 1 1, 1, LIC=32B1Q-NSB6D-GKABG-VXHRE-KIDFF-Y15I0
 
Tool Versions:
Toolchain:       MDK-ARM Plus  Version: 5.36.0.0
Toolchain Path:  C:\Keil_v5\ARM\ARMCLANG\Bin
C Compiler:      ArmClang.exe V6.16
Assembler:       Armasm.exe V6.16
Linker/Locator:  ArmLink.exe V6.16
Library Manager: ArmAr.exe V6.16
Hex Converter:   FromElf.exe V6.16
CPU DLL:         SARMCM3.DLL V5.36.0.0
Dialog DLL:      DCM.DLL V1.17.3.0
Target DLL:      Segger\JL2CM3.dll V2.99.40.0
Dialog DLL:      TCM.DLL V1.53.0.0
 
<h2>Project:</h2>
C:\Users\gtc\Desktop\HC32F460KETA_RT_Thread_Nano\MDK\HC32F460.uvprojx
Project File Date:  04/27/2025

<h2>Output:</h2>
*** Using Compiler 'V6.16', folder: 'C:\Keil_v5\ARM\ARMCLANG\Bin'
Build target 'HC32'
Note: source file '..\arduino\cores\arduino\drivers\usart\Usart.cpp' - object file renamed from '.\Objects\Usart.o' to '.\Objects\usart_1.o'.
compiling usart.c...
compiling abi.cpp...
compiling usart_config.cpp...
compiling system_hc32f460.c...
compiling new.cpp...
compiling board.c...
compiling usart_sync.cpp...
compiling Led.cpp...
compiling Key.cpp...
compiling Task.cpp...
compiling Begin.cpp...
compiling powerControl.cpp...
compiling Fuelgauge.cpp...
compiling Usart.cpp...
compiling main.cpp...
compiling Charger.cpp...
compiling WMath.cpp...
compiling WInterrupts.cpp...
compiling Print.cpp...
compiling wiring_digital.cpp...
compiling wiring_analog.cpp...
compiling adc_config.cpp...
compiling Stream.cpp...
compiling panic.cpp...
compiling adc.cpp...
compiling WString.cpp...
compiling addon_gpio.c...
compiling ddl_assert.c...
compiling irqn.cpp...
compiling timera_config.cpp...
compiling itoa.c...
compiling yield.c...
compiling systick.cpp...
compiling variant.cpp...
compiling delay.c...
compiling dtostrf.c...
compiling wiring_shift.c...
compiling hc32f460_icg.c...
compiling sysclock.cpp...
compiling sysclock_util.cpp...
compiling hc32f460_efm.c...
compiling hc32f460_utility.c...
compiling hc32f460_keyscan.c...
compiling hc32f460_pwc.c...
compiling IPAddress.cpp...
compiling hc32f460_gpio.c...
compiling hc32f460_exint_nmi_swi.c...
compiling hc32f460_interrupts.c...
compiling hc32f460_usart.c...
compiling hc32f460_rmu.c...
compiling hc32f460_clk.c...
compiling cpuport.c...
compiling hc32f460_spi.c...
compiling hc32f460_adc.c...
compiling clock.c...
compiling components.c...
compiling cpu.c...
compiling hc32f460_sram.c...
compiling hc32f460_timer0.c...
compiling hc32f460_timera.c...
compiling idle.c...
compiling hc32f460_i2c.c...
compiling irq.c...
compiling hc32f460_dmac.c...
compiling ipc.c...
compiling kservice.c...
compiling memheap.c...
compiling mempool.c...
compiling mem.c...
compiling object.c...
compiling scheduler.c...
compiling slab.c...
compiling thread.c...
compiling timer.c...
compiling timer0_config.cpp...
compiling HardwareI2C.cpp...
compiling EnhancedButton.cpp...
compiling SoftI2C.cpp...
linking...
Program Size: Code=31392 RO-data=3100 RW-data=496 ZI-data=22032  
FromELF: creating hex file...
".\Objects\HC32F460.axf" - 0 Error(s), 0 Warning(s).

<h2>Software Packages used:</h2>

Package Vendor: HDSC
                https://raw.githubusercontent.com/hdscmcu/pack/master/HDSC.HC32F460.1.0.12.pack
                HDSC.HC32F460.1.0.12
                HC32F460 ARM Cortex-M4 Device Family Pack

<h2>Collection of Component include folders:</h2>
  C:\Users\gtc\AppData\Local\Arm\Packs\HDSC\HC32F460\1.0.12\Device\Include

<h2>Collection of Component Files used:</h2>
Build Time Elapsed:  00:00:04
</pre>
</body>
</html>
